ARM Linker, 4.1 [Build 894] [Evaluation]

==============================================================================

Section Cross References

    system_stm32f4xx.o(.text) refers to system_stm32f4xx.o(.data) for SystemCoreClock
    startup_stm32f4xx.o(RESET) refers to startup_stm32f4xx.o(STACK) for __initial_sp
    startup_stm32f4xx.o(RESET) refers to startup_stm32f4xx.o(.text) for Reset_Handler
    startup_stm32f4xx.o(RESET) refers to stm32f4xx_it.o(.text) for NMI_Handler
    startup_stm32f4xx.o(RESET) refers to hal_cm4.o(.emb_text) for SVC_Handler
    startup_stm32f4xx.o(RESET) refers to stm32f4_discovery_audio_codec.o(.text) for DMA1_Stream0_IRQHandler
    startup_stm32f4xx.o(.text) refers to system_stm32f4xx.o(.text) for SystemInit
    startup_stm32f4xx.o(.text) refers to entry.o(.ARM.Collect$$$$00000000) for __main
    rtx_conf_cm.o(.ARM.Collect$$$$000000FF) refers to rt_cmsis.o(i.osKernelStart) for osKernelStart
    rtx_conf_cm.o(.ARM.Collect$$$$000000FF) refers to rtx_conf_cm.o(.constdata) for .constdata
    rtx_conf_cm.o(.constdata) refers to rt_cmsis.o(i.osTimerThread) for osTimerThread
    rtx_conf_cm.o(.constdata) refers to rtx_conf_cm.o(.bss) for os_messageQ_q_osTimerMessageQ
    rtx_conf_cm.o(.constdata) refers to main.o(.text) for main
    stm32f4xx_adc.o(.text) refers to stm32f4xx_rcc.o(.text) for RCC_APB2PeriphResetCmd
    stm32f4xx_can.o(.text) refers to stm32f4xx_rcc.o(.text) for RCC_APB1PeriphResetCmd
    stm32f4xx_cryp.o(.text) refers to stm32f4xx_rcc.o(.text) for RCC_AHB2PeriphResetCmd
    stm32f4xx_cryp_aes.o(.text) refers to stm32f4xx_cryp.o(.text) for CRYP_KeyStructInit
    stm32f4xx_cryp_des.o(.text) refers to stm32f4xx_cryp.o(.text) for CRYP_KeyStructInit
    stm32f4xx_cryp_tdes.o(.text) refers to stm32f4xx_cryp.o(.text) for CRYP_KeyStructInit
    stm32f4xx_dac.o(.text) refers to stm32f4xx_rcc.o(.text) for RCC_APB1PeriphResetCmd
    stm32f4xx_gpio.o(.text) refers to stm32f4xx_rcc.o(.text) for RCC_AHB1PeriphResetCmd
    stm32f4xx_hash.o(.text) refers to stm32f4xx_rcc.o(.text) for RCC_AHB2PeriphResetCmd
    stm32f4xx_hash_md5.o(.text) refers to stm32f4xx_hash.o(.text) for HASH_DeInit
    stm32f4xx_hash_sha1.o(.text) refers to stm32f4xx_hash.o(.text) for HASH_DeInit
    stm32f4xx_i2c.o(.text) refers to stm32f4xx_rcc.o(.text) for RCC_APB1PeriphResetCmd
    stm32f4xx_pwr.o(.text) refers to stm32f4xx_rcc.o(.text) for RCC_APB1PeriphResetCmd
    stm32f4xx_rcc.o(.text) refers to stm32f4xx_rcc.o(.data) for APBAHBPrescTable
    stm32f4xx_rng.o(.text) refers to stm32f4xx_rcc.o(.text) for RCC_AHB2PeriphResetCmd
    stm32f4xx_sdio.o(.text) refers to stm32f4xx_rcc.o(.text) for RCC_APB2PeriphResetCmd
    stm32f4xx_spi.o(.text) refers to stm32f4xx_rcc.o(.text) for RCC_APB2PeriphResetCmd
    stm32f4xx_syscfg.o(.text) refers to stm32f4xx_rcc.o(.text) for RCC_APB2PeriphResetCmd
    stm32f4xx_tim.o(.text) refers to stm32f4xx_rcc.o(.text) for RCC_APB2PeriphResetCmd
    stm32f4xx_usart.o(.text) refers to stm32f4xx_rcc.o(.text) for RCC_APB2PeriphResetCmd
    stm32f4xx_wwdg.o(.text) refers to stm32f4xx_rcc.o(.text) for RCC_APB1PeriphResetCmd
    stm32f4_discovery.o(.text) refers to stm32f4xx_rcc.o(.text) for RCC_AHB1PeriphClockCmd
    stm32f4_discovery.o(.text) refers to stm32f4xx_gpio.o(.text) for GPIO_Init
    stm32f4_discovery.o(.text) refers to stm32f4xx_syscfg.o(.text) for SYSCFG_EXTILineConfig
    stm32f4_discovery.o(.text) refers to stm32f4xx_exti.o(.text) for EXTI_Init
    stm32f4_discovery.o(.text) refers to misc.o(.text) for NVIC_Init
    stm32f4_discovery.o(.text) refers to stm32f4_discovery.o(.constdata) for GPIO_CLK
    stm32f4_discovery.o(.text) refers to stm32f4_discovery.o(.data) for GPIO_PORT
    stm32f4_discovery_audio_codec.o(.text) refers to stm32f4xx_rcc.o(.text) for RCC_AHB1PeriphClockCmd
    stm32f4_discovery_audio_codec.o(.text) refers to stm32f4xx_gpio.o(.text) for GPIO_Init
    stm32f4_discovery_audio_codec.o(.text) refers to stm32f4xx_dac.o(.text) for DAC_Init
    stm32f4_discovery_audio_codec.o(.text) refers to stm32f4xx_dma.o(.text) for DMA_Cmd
    stm32f4_discovery_audio_codec.o(.text) refers to misc.o(.text) for NVIC_Init
    stm32f4_discovery_audio_codec.o(.text) refers to stm32f4xx_spi.o(.text) for SPI_I2S_DMACmd
    stm32f4_discovery_audio_codec.o(.text) refers to stm32f4xx_i2c.o(.text) for I2C_GetFlagStatus
    stm32f4_discovery_audio_codec.o(.text) refers to stm32f4_discovery_audio_codec.o(.data) for CurrAudioInterface
    stm32f4_discovery_audio_codec.o(.text) refers to stm32f4_discovery_audio_codec.o(.bss) for DMA_InitStructure
    stm32f4_discovery_lis302dl.o(.text) refers to stm32f4xx_spi.o(.text) for SPI_I2S_GetFlagStatus
    stm32f4_discovery_lis302dl.o(.text) refers to stm32f4xx_gpio.o(.text) for GPIO_ResetBits
    stm32f4_discovery_lis302dl.o(.text) refers to stm32f4xx_rcc.o(.text) for RCC_APB2PeriphClockCmd
[...]
    init.o(.text) refers to entry5.o(.ARM.Collect$$$$00000004) for __main_after_scatterload


==============================================================================

Removing Unused input sections from the image.

    Removing system_stm32f4xx.o(.rev16_text), (4 bytes).
    Removing system_stm32f4xx.o(.revsh_text), (4 bytes).
    Removing startup_stm32f4xx.o(HEAP), (512 bytes).
    Removing stm32f4xx_it.o(.rev16_text), (4 bytes).
    Removing stm32f4xx_it.o(.revsh_text), (4 bytes).
    Removing misc.o(.rev16_text), (4 bytes).
    Removing misc.o(.revsh_text), (4 bytes).
    Removing stm32f4xx_adc.o(.rev16_text), (4 bytes).
    Removing stm32f4xx_adc.o(.revsh_text), (4 bytes).
    Removing stm32f4xx_adc.o(.text), (1122 bytes).
    Removing stm32f4xx_can.o(.rev16_text), (4 bytes).
    Removing stm32f4xx_can.o(.revsh_text), (4 bytes).
    Removing stm32f4xx_can.o(.text), (2548 bytes).
    Removing stm32f4xx_crc.o(.rev16_text), (4 bytes).
    Removing stm32f4xx_crc.o(.revsh_text), (4 bytes).
    Removing stm32f4xx_crc.o(.text), (72 bytes).
    Removing stm32f4xx_cryp.o(.rev16_text), (4 bytes).
    Removing stm32f4xx_cryp.o(.revsh_text), (4 bytes).
    Removing stm32f4xx_cryp.o(.text), (648 bytes).
    Removing stm32f4xx_cryp_aes.o(.rev16_text), (4 bytes).
    Removing stm32f4xx_cryp_aes.o(.revsh_text), (4 bytes).
    Removing stm32f4xx_cryp_aes.o(.text), (1578 bytes).
    Removing stm32f4xx_cryp_des.o(.rev16_text), (4 bytes).
    Removing stm32f4xx_cryp_des.o(.revsh_text), (4 bytes).
    Removing stm32f4xx_cryp_des.o(.text), (490 bytes).
    Removing stm32f4xx_cryp_tdes.o(.rev16_text), (4 bytes).
    Removing stm32f4xx_cryp_tdes.o(.revsh_text), (4 bytes).
    Removing stm32f4xx_cryp_tdes.o(.text), (554 bytes).
    Removing stm32f4xx_dac.o(.rev16_text), (4 bytes).
    Removing stm32f4xx_dac.o(.revsh_text), (4 bytes).
    Removing stm32f4xx_dbgmcu.o(.rev16_text), (4 bytes).
    Removing stm32f4xx_dbgmcu.o(.revsh_text), (4 bytes).
    Removing stm32f4xx_dbgmcu.o(.text), (100 bytes).
    Removing stm32f4xx_dcmi.o(.rev16_text), (4 bytes).
    Removing stm32f4xx_dcmi.o(.revsh_text), (4 bytes).
    Removing stm32f4xx_dcmi.o(.text), (396 bytes).
    Removing stm32f4xx_dma.o(.rev16_text), (4 bytes).
    Removing stm32f4xx_dma.o(.revsh_text), (4 bytes).
    Removing stm32f4xx_exti.o(.rev16_text), (4 bytes).
    Removing stm32f4xx_exti.o(.revsh_text), (4 bytes).
    Removing stm32f4xx_exti.o(.text), (284 bytes).
    Removing stm32f4xx_flash.o(.rev16_text), (4 bytes).
    Removing stm32f4xx_flash.o(.revsh_text), (4 bytes).
    Removing stm32f4xx_flash.o(.text), (1204 bytes).
    Removing stm32f4xx_fsmc.o(.rev16_text), (4 bytes).
    Removing stm32f4xx_fsmc.o(.revsh_text), (4 bytes).
    Removing stm32f4xx_fsmc.o(.text), (1568 bytes).
    Removing stm32f4xx_gpio.o(.rev16_text), (4 bytes).
    Removing stm32f4xx_gpio.o(.revsh_text), (4 bytes).
    Removing stm32f4xx_hash.o(.rev16_text), (4 bytes).
    Removing stm32f4xx_hash.o(.revsh_text), (4 bytes).
    Removing stm32f4xx_hash.o(.text), (496 bytes).
    Removing stm32f4xx_hash_md5.o(.rev16_text), (4 bytes).
    Removing stm32f4xx_hash_md5.o(.revsh_text), (4 bytes).
    Removing stm32f4xx_hash_md5.o(.text), (522 bytes).
    Removing stm32f4xx_hash_sha1.o(.rev16_text), (4 bytes).
    Removing stm32f4xx_hash_sha1.o(.revsh_text), (4 bytes).
    Removing stm32f4xx_hash_sha1.o(.text), (536 bytes).
    Removing stm32f4xx_i2c.o(.rev16_text), (4 bytes).
    Removing stm32f4xx_i2c.o(.revsh_text), (4 bytes).
    Removing stm32f4xx_iwdg.o(.rev16_text), (4 bytes).
    Removing stm32f4xx_iwdg.o(.revsh_text), (4 bytes).
    Removing stm32f4xx_iwdg.o(.text), (64 bytes).
    Removing stm32f4xx_pwr.o(.rev16_text), (4 bytes).
    Removing stm32f4xx_pwr.o(.revsh_text), (4 bytes).
    Removing stm32f4xx_pwr.o(.text), (252 bytes).
    Removing stm32f4xx_rcc.o(.rev16_text), (4 bytes).
    Removing stm32f4xx_rcc.o(.revsh_text), (4 bytes).
    Removing stm32f4xx_rng.o(.rev16_text), (4 bytes).
    Removing stm32f4xx_rng.o(.revsh_text), (4 bytes).
    Removing stm32f4xx_rng.o(.text), (160 bytes).
    Removing stm32f4xx_rtc.o(.rev16_text), (4 bytes).
    Removing stm32f4xx_rtc.o(.revsh_text), (4 bytes).
    Removing stm32f4xx_rtc.o(.text), (3368 bytes).
    Removing stm32f4xx_sdio.o(.rev16_text), (4 bytes).
    Removing stm32f4xx_sdio.o(.revsh_text), (4 bytes).
    Removing stm32f4xx_sdio.o(.text), (476 bytes).
    Removing stm32f4xx_spi.o(.rev16_text), (4 bytes).
    Removing stm32f4xx_spi.o(.revsh_text), (4 bytes).
    Removing stm32f4xx_syscfg.o(.rev16_text), (4 bytes).
    Removing stm32f4xx_syscfg.o(.revsh_text), (4 bytes).
    Removing stm32f4xx_syscfg.o(.text), (140 bytes).
    Removing stm32f4xx_tim.o(.rev16_text), (4 bytes).
    Removing stm32f4xx_tim.o(.revsh_text), (4 bytes).
    Removing stm32f4xx_tim.o(.text), (3184 bytes).
    Removing stm32f4xx_usart.o(.rev16_text), (4 bytes).
    Removing stm32f4xx_usart.o(.revsh_text), (4 bytes).
    Removing stm32f4xx_usart.o(.text), (1058 bytes).
    Removing stm32f4xx_wwdg.o(.rev16_text), (4 bytes).
    Removing stm32f4xx_wwdg.o(.revsh_text), (4 bytes).
    Removing stm32f4xx_wwdg.o(.text), (132 bytes).
    Removing stm32f4_discovery.o(.rev16_text), (4 bytes).
    Removing stm32f4_discovery.o(.revsh_text), (4 bytes).
    Removing stm32f4_discovery.o(.text), (324 bytes).
    Removing stm32f4_discovery.o(.constdata), (37 bytes).
    Removing stm32f4_discovery.o(.data), (24 bytes).
    Removing stm32f4_discovery_audio_codec.o(.rev16_text), (4 bytes).
    Removing stm32f4_discovery_audio_codec.o(.revsh_text), (4 bytes).
    Removing stm32f4_discovery_lis302dl.o(.rev16_text), (4 bytes).
    Removing stm32f4_discovery_lis302dl.o(.revsh_text), (4 bytes).
    Removing stm32f4_discovery_lis302dl.o(.text), (960 bytes).
    Removing stm32f4_discovery_lis302dl.o(.data), (4 bytes).
    Removing rt_cmsis.o(.rev16_text), (4 bytes).
    Removing rt_cmsis.o(.revsh_text), (4 bytes).
    Removing rt_cmsis.o(i.osDelay), (24 bytes).
    Removing rt_cmsis.o(i.osKernelRunning), (16 bytes).
    Removing rt_cmsis.o(i.osMailAlloc), (32 bytes).
    Removing rt_cmsis.o(i.osMailCAlloc), (32 bytes).
    Removing rt_cmsis.o(i.osMailCreate), (24 bytes).
    Removing rt_cmsis.o(i.osMailFree), (28 bytes).
    Removing rt_cmsis.o(i.osMailGet), (22 bytes).
    Removing rt_cmsis.o(i.osMailPut), (14 bytes).
    Removing rt_cmsis.o(i.osMessageCreate), (24 bytes).
    Removing rt_cmsis.o(i.osMessagePut), (24 bytes).
    Removing rt_cmsis.o(i.osMutexCreate), (24 bytes).
    Removing rt_cmsis.o(i.osMutexRelease), (24 bytes).
    Removing rt_cmsis.o(i.osMutexWait), (24 bytes).
    Removing rt_cmsis.o(i.osPoolAlloc), (36 bytes).
    Removing rt_cmsis.o(i.osPoolCAlloc), (36 bytes).
    Removing rt_cmsis.o(i.osPoolCreate), (24 bytes).
    Removing rt_cmsis.o(i.osPoolFree), (32 bytes).
    Removing rt_cmsis.o(i.osSemaphoreCreate), (24 bytes).
    Removing rt_cmsis.o(i.osSemaphoreRelease), (48 bytes).
    Removing rt_cmsis.o(i.osSemaphoreWait), (24 bytes).
    Removing rt_cmsis.o(i.osSignalClear), (24 bytes).
    Removing rt_cmsis.o(i.osSignalGet), (24 bytes).
    Removing rt_cmsis.o(i.osSignalSet), (52 bytes).
    Removing rt_cmsis.o(i.osSignalWait), (24 bytes).
    Removing rt_cmsis.o(i.osThreadCreate), (24 bytes).
    Removing rt_cmsis.o(i.osThreadGetId), (24 bytes).
    Removing rt_cmsis.o(i.osThreadGetPriority), (24 bytes).
    Removing rt_cmsis.o(i.osThreadSetPriority), (24 bytes).
    Removing rt_cmsis.o(i.osThreadTerminate), (24 bytes).
    Removing rt_cmsis.o(i.osThreadYield), (24 bytes).
    Removing rt_cmsis.o(i.osTimerCreate), (24 bytes).
    Removing rt_cmsis.o(i.osTimerStart), (24 bytes).
    Removing rt_cmsis.o(i.osTimerStop), (24 bytes).
    Removing rt_cmsis.o(i.osWait), (4 bytes).
    Removing rt_cmsis.o(i.rt_clr_box), (20 bytes).
    Removing rt_cmsis.o(i.rt_timer_remove), (60 bytes).
    Removing rt_cmsis.o(i.svcDelay), (20 bytes).
    Removing rt_cmsis.o(i.svcMailCreate), (66 bytes).
    Removing rt_cmsis.o(i.svcMessagePut), (54 bytes).
    Removing rt_cmsis.o(i.svcMutexCreate), (28 bytes).
    Removing rt_cmsis.o(i.svcMutexRelease), (34 bytes).
    Removing rt_cmsis.o(i.svcMutexWait), (54 bytes).
    Removing rt_cmsis.o(i.svcPoolCreate), (40 bytes).
    Removing rt_cmsis.o(i.svcSemaphoreCreate), (36 bytes).
    Removing rt_cmsis.o(i.svcSemaphoreRelease), (26 bytes).
    Removing rt_cmsis.o(i.svcSemaphoreWait), (54 bytes).
    Removing rt_cmsis.o(i.svcSignalClear), (36 bytes).
    Removing rt_cmsis.o(i.svcSignalGet), (18 bytes).
    Removing rt_cmsis.o(i.svcSignalSet), (36 bytes).
    Removing rt_cmsis.o(i.svcSignalWait), (84 bytes).
    Removing rt_cmsis.o(i.svcThreadGetPriority), (18 bytes).
    Removing rt_cmsis.o(i.svcThreadSetPriority), (46 bytes).
    Removing rt_cmsis.o(i.svcThreadYield), (10 bytes).
    Removing rt_cmsis.o(i.svcTimerCreate), (52 bytes).
    Removing rt_cmsis.o(i.svcTimerStart), (72 bytes).
    Removing rt_cmsis.o(i.svcTimerStop), (36 bytes).
    Removing rt_cmsis.o(i.sysMailAlloc), (112 bytes).
    Removing rt_cmsis.o(i.sysMailFree), (102 bytes).
    Removing rt_cmsis.o(i.sysPoolAlloc), (32 bytes).
    Removing rt_cmsis.o(i.sysPoolFree), (20 bytes).
    Removing rt_task.o(i.rt_tsk_pass), (48 bytes).
    Removing rt_task.o(i.rt_tsk_prio), (116 bytes).
    Removing rt_system.o(.emb_text), (0 bytes).
    Removing rt_system.o(i.rt_tsk_lock), (40 bytes).
    Removing rt_system.o(i.rt_tsk_unlock), (40 bytes).
    Removing rt_event.o(i.isr_evt_set), (40 bytes).
    Removing rt_event.o(i.rt_evt_clr), (28 bytes).
    Removing rt_event.o(i.rt_evt_get), (12 bytes).
    Removing rt_event.o(i.rt_evt_set), (92 bytes).
    Removing rt_event.o(i.rt_evt_wait), (64 bytes).
    Removing rt_list.o(i.rt_get_same_rdy_prio), (36 bytes).
    Removing rt_list.o(i.rt_resort_prio), (52 bytes).
    Removing rt_mailbox.o(i.rt_mbx_send), (172 bytes).
    Removing rt_semaphore.o(i.isr_sem_send), (16 bytes).
    Removing rt_semaphore.o(i.rt_sem_init), (12 bytes).
    Removing rt_semaphore.o(i.rt_sem_send), (42 bytes).
    Removing rt_semaphore.o(i.rt_sem_wait), (60 bytes).
    Removing rt_time.o(i.rt_dly_wait), (6 bytes).
    Removing rt_time.o(i.rt_itv_set), (24 bytes).
    Removing rt_time.o(i.rt_itv_wait), (44 bytes).
    Removing rt_mutex.o(i.rt_mut_init), (16 bytes).
    Removing rt_mutex.o(i.rt_mut_release), (160 bytes).
    Removing rt_mutex.o(i.rt_mut_wait), (100 bytes).
    Removing rt_membox.o(i._calloc_box), (28 bytes).

188 unused section(s) (total 26403 bytes) removed from the image.

==============================================================================

Image Symbol Table

    Local Symbols

    Symbol Name                              Value     Ov Type        Size  Object(Section)

    ../../microlib/init/entry.s              0x00000000   Number         0  entry7b.o ABSOLUTE
    ../../microlib/init/entry.s              0x00000000   Number         0  entry7a.o ABSOLUTE
    ../../microlib/init/entry.s              0x00000000   Number         0  entry5.o ABSOLUTE
    ../../microlib/init/entry.s              0x00000000   Number         0  entry2.o ABSOLUTE
    ../../microlib/init/entry.s              0x00000000   Number         0  entry.o ABSOLUTE
    ../RTX_Conf_CM.c                         0x00000000   Number         0  rtx_conf_cm.o ABSOLUTE
    ../startup_stm32f4xx.s                   0x00000000   Number         0  startup_stm32f4xx.o ABSOLUTE
    ..\HAL_CM.c                              0x00000000   Number         0  hal_cm.o ABSOLUTE
    ..\STM32F4-Discovery\stm32f4_discovery.c 0x00000000   Number         0  stm32f4_discovery.o ABSOLUTE
    ..\STM32F4-Discovery\stm32f4_discovery_audio_codec.c 0x00000000   Number         0  stm32f4_discovery_audio_codec.o ABSOLUTE
    ..\STM32F4-Discovery\stm32f4_discovery_lis302dl.c 0x00000000   Number         0  stm32f4_discovery_lis302dl.o ABSOLUTE
    ..\STM32F4xx_StdPeriph_Driver\src\misc.c 0x00000000   Number         0  misc.o ABSOLUTE
    ..\STM32F4xx_StdPeriph_Driver\src\stm32f4xx_adc.c 0x00000000   Number         0  stm32f4xx_adc.o ABSOLUTE
    ..\STM32F4xx_StdPeriph_Driver\src\stm32f4xx_can.c 0x00000000   Number         0  stm32f4xx_can.o ABSOLUTE
    ..\STM32F4xx_StdPeriph_Driver\src\stm32f4xx_crc.c 0x00000000   Number         0  stm32f4xx_crc.o ABSOLUTE
    ..\STM32F4xx_StdPeriph_Driver\src\stm32f4xx_cryp.c 0x00000000   Number         0  stm32f4xx_cryp.o ABSOLUTE
    ..\STM32F4xx_StdPeriph_Driver\src\stm32f4xx_cryp_aes.c 0x00000000   Number         0  stm32f4xx_cryp_aes.o ABSOLUTE
    ..\STM32F4xx_StdPeriph_Driver\src\stm32f4xx_cryp_des.c 0x00000000   Number         0  stm32f4xx_cryp_des.o ABSOLUTE
    ..\STM32F4xx_StdPeriph_Driver\src\stm32f4xx_cryp_tdes.c 0x00000000   Number         0  stm32f4xx_cryp_tdes.o ABSOLUTE
    ..\STM32F4xx_StdPeriph_Driver\src\stm32f4xx_dac.c 0x00000000   Number         0  stm32f4xx_dac.o ABSOLUTE
    ..\STM32F4xx_StdPeriph_Driver\src\stm32f4xx_dbgmcu.c 0x00000000   Number         0  stm32f4xx_dbgmcu.o ABSOLUTE
    ..\STM32F4xx_StdPeriph_Driver\src\stm32f4xx_dcmi.c 0x00000000   Number         0  stm32f4xx_dcmi.o ABSOLUTE
    ..\STM32F4xx_StdPeriph_Driver\src\stm32f4xx_dma.c 0x00000000   Number         0  stm32f4xx_dma.o ABSOLUTE
    ..\STM32F4xx_StdPeriph_Driver\src\stm32f4xx_exti.c 0x00000000   Number         0  stm32f4xx_exti.o ABSOLUTE
    ..\STM32F4xx_StdPeriph_Driver\src\stm32f4xx_flash.c 0x00000000   Number         0  stm32f4xx_flash.o ABSOLUTE
    ..\STM32F4xx_StdPeriph_Driver\src\stm32f4xx_fsmc.c 0x00000000   Number         0  stm32f4xx_fsmc.o ABSOLUTE
    ..\STM32F4xx_StdPeriph_Driver\src\stm32f4xx_gpio.c 0x00000000   Number         0  stm32f4xx_gpio.o ABSOLUTE
    ..\STM32F4xx_StdPeriph_Driver\src\stm32f4xx_hash.c 0x00000000   Number         0  stm32f4xx_hash.o ABSOLUTE
    ..\STM32F4xx_StdPeriph_Driver\src\stm32f4xx_hash_md5.c 0x00000000   Number         0  stm32f4xx_hash_md5.o ABSOLUTE
    ..\STM32F4xx_StdPeriph_Driver\src\stm32f4xx_hash_sha1.c 0x00000000   Number         0  stm32f4xx_hash_sha1.o ABSOLUTE
    ..\STM32F4xx_StdPeriph_Driver\src\stm32f4xx_i2c.c 0x00000000   Number         0  stm32f4xx_i2c.o ABSOLUTE
    ..\STM32F4xx_StdPeriph_Driver\src\stm32f4xx_iwdg.c 0x00000000   Number         0  stm32f4xx_iwdg.o ABSOLUTE
    ..\STM32F4xx_StdPeriph_Driver\src\stm32f4xx_pwr.c 0x00000000   Number         0  stm32f4xx_pwr.o ABSOLUTE
    ..\STM32F4xx_StdPeriph_Driver\src\stm32f4xx_rcc.c 0x00000000   Number         0  stm32f4xx_rcc.o ABSOLUTE
    ..\STM32F4xx_StdPeriph_Driver\src\stm32f4xx_rng.c 0x00000000   Number         0  stm32f4xx_rng.o ABSOLUTE
    ..\STM32F4xx_StdPeriph_Driver\src\stm32f4xx_rtc.c 0x00000000   Number         0  stm32f4xx_rtc.o ABSOLUTE
    ..\STM32F4xx_StdPeriph_Driver\src\stm32f4xx_sdio.c 0x00000000   Number         0  stm32f4xx_sdio.o ABSOLUTE
    ..\STM32F4xx_StdPeriph_Driver\src\stm32f4xx_spi.c 0x00000000   Number         0  stm32f4xx_spi.o ABSOLUTE
    ..\STM32F4xx_StdPeriph_Driver\src\stm32f4xx_syscfg.c 0x00000000   Number         0  stm32f4xx_syscfg.o ABSOLUTE
    ..\STM32F4xx_StdPeriph_Driver\src\stm32f4xx_tim.c 0x00000000   Number         0  stm32f4xx_tim.o ABSOLUTE
    ..\STM32F4xx_StdPeriph_Driver\src\stm32f4xx_usart.c 0x00000000   Number         0  stm32f4xx_usart.o ABSOLUTE
    ..\STM32F4xx_StdPeriph_Driver\src\stm32f4xx_wwdg.c 0x00000000   Number         0  stm32f4xx_wwdg.o ABSOLUTE
    ..\\STM32F4-Discovery\\stm32f4_discovery.c 0x00000000   Number         0  stm32f4_discovery.o ABSOLUTE
    ..\\STM32F4-Discovery\\stm32f4_discovery_audio_codec.c 0x00000000   Number         0  stm32f4_discovery_audio_codec.o ABSOLUTE
    ..\\STM32F4-Discovery\\stm32f4_discovery_lis302dl.c 0x00000000   Number         0  stm32f4_discovery_lis302dl.o ABSOLUTE
    ..\\STM32F4xx_StdPeriph_Driver\\src\\misc.c 0x00000000   Number         0  misc.o ABSOLUTE
    ..\\STM32F4xx_StdPeriph_Driver\\src\\stm32f4xx_adc.c 0x00000000   Number         0  stm32f4xx_adc.o ABSOLUTE
    ..\\STM32F4xx_StdPeriph_Driver\\src\\stm32f4xx_can.c 0x00000000   Number         0  stm32f4xx_can.o ABSOLUTE
    ..\\STM32F4xx_StdPeriph_Driver\\src\\stm32f4xx_crc.c 0x00000000   Number         0  stm32f4xx_crc.o ABSOLUTE
    ..\\STM32F4xx_StdPeriph_Driver\\src\\stm32f4xx_cryp.c 0x00000000   Number         0  stm32f4xx_cryp.o ABSOLUTE
    ..\\STM32F4xx_StdPeriph_Driver\\src\\stm32f4xx_cryp_aes.c 0x00000000   Number         0  stm32f4xx_cryp_aes.o ABSOLUTE
    ..\\STM32F4xx_StdPeriph_Driver\\src\\stm32f4xx_cryp_des.c 0x00000000   Number         0  stm32f4xx_cryp_des.o ABSOLUTE
    ..\\STM32F4xx_StdPeriph_Driver\\src\\stm32f4xx_cryp_tdes.c 0x00000000   Number         0  stm32f4xx_cryp_tdes.o ABSOLUTE
    ..\\STM32F4xx_StdPeriph_Driver\\src\\stm32f4xx_dac.c 0x00000000   Number         0  stm32f4xx_dac.o ABSOLUTE
    ..\\STM32F4xx_StdPeriph_Driver\\src\\stm32f4xx_dbgmcu.c 0x00000000   Number         0  stm32f4xx_dbgmcu.o ABSOLUTE
    ..\\STM32F4xx_StdPeriph_Driver\\src\\stm32f4xx_dcmi.c 0x00000000   Number         0  stm32f4xx_dcmi.o ABSOLUTE
    ..\\STM32F4xx_StdPeriph_Driver\\src\\stm32f4xx_dma.c 0x00000000   Number         0  stm32f4xx_dma.o ABSOLUTE
    ..\\STM32F4xx_StdPeriph_Driver\\src\\stm32f4xx_exti.c 0x00000000   Number         0  stm32f4xx_exti.o ABSOLUTE
    ..\\STM32F4xx_StdPeriph_Driver\\src\\stm32f4xx_flash.c 0x00000000   Number         0  stm32f4xx_flash.o ABSOLUTE
    ..\\STM32F4xx_StdPeriph_Driver\\src\\stm32f4xx_fsmc.c 0x00000000   Number         0  stm32f4xx_fsmc.o ABSOLUTE
    ..\\STM32F4xx_StdPeriph_Driver\\src\\stm32f4xx_gpio.c 0x00000000   Number         0  stm32f4xx_gpio.o ABSOLUTE
    ..\\STM32F4xx_StdPeriph_Driver\\src\\stm32f4xx_hash.c 0x00000000   Number         0  stm32f4xx_hash.o ABSOLUTE
    ..\\STM32F4xx_StdPeriph_Driver\\src\\stm32f4xx_hash_md5.c 0x00000000   Number         0  stm32f4xx_hash_md5.o ABSOLUTE
    ..\\STM32F4xx_StdPeriph_Driver\\src\\stm32f4xx_hash_sha1.c 0x00000000   Number         0  stm32f4xx_hash_sha1.o ABSOLUTE
    ..\\STM32F4xx_StdPeriph_Driver\\src\\stm32f4xx_i2c.c 0x00000000   Number         0  stm32f4xx_i2c.o ABSOLUTE
    ..\\STM32F4xx_StdPeriph_Driver\\src\\stm32f4xx_iwdg.c 0x00000000   Number         0  stm32f4xx_iwdg.o ABSOLUTE
    ..\\STM32F4xx_StdPeriph_Driver\\src\\stm32f4xx_pwr.c 0x00000000   Number         0  stm32f4xx_pwr.o ABSOLUTE
    ..\\STM32F4xx_StdPeriph_Driver\\src\\stm32f4xx_rcc.c 0x00000000   Number         0  stm32f4xx_rcc.o ABSOLUTE
    ..\\STM32F4xx_StdPeriph_Driver\\src\\stm32f4xx_rng.c 0x00000000   Number         0  stm32f4xx_rng.o ABSOLUTE
    ..\\STM32F4xx_StdPeriph_Driver\\src\\stm32f4xx_rtc.c 0x00000000   Number         0  stm32f4xx_rtc.o ABSOLUTE
    ..\\STM32F4xx_StdPeriph_Driver\\src\\stm32f4xx_sdio.c 0x00000000   Number         0  stm32f4xx_sdio.o ABSOLUTE
    ..\\STM32F4xx_StdPeriph_Driver\\src\\stm32f4xx_spi.c 0x00000000   Number         0  stm32f4xx_spi.o ABSOLUTE
    ..\\STM32F4xx_StdPeriph_Driver\\src\\stm32f4xx_syscfg.c 0x00000000   Number         0  stm32f4xx_syscfg.o ABSOLUTE
    ..\\STM32F4xx_StdPeriph_Driver\\src\\stm32f4xx_tim.c 0x00000000   Number         0  stm32f4xx_tim.o ABSOLUTE
    ..\\STM32F4xx_StdPeriph_Driver\\src\\stm32f4xx_usart.c 0x00000000   Number         0  stm32f4xx_usart.o ABSOLUTE
    ..\\STM32F4xx_StdPeriph_Driver\\src\\stm32f4xx_wwdg.c 0x00000000   Number         0  stm32f4xx_wwdg.o ABSOLUTE
    ..\\rt_CMSIS.c                           0x00000000   Number         0  rt_cmsis.o ABSOLUTE
    ..\\rt_System.c                          0x00000000   Number         0  rt_system.o ABSOLUTE
    ..\\user\\src\\stm32f4xx_it.c            0x00000000   Number         0  stm32f4xx_it.o ABSOLUTE
    ..\\user\\src\\system_stm32f4xx.c        0x00000000   Number         0  system_stm32f4xx.o ABSOLUTE
    ..\rt_CMSIS.c                            0x00000000   Number         0  rt_cmsis.o ABSOLUTE
    ..\rt_Event.c                            0x00000000   Number         0  rt_event.o ABSOLUTE
    ..\rt_List.c                             0x00000000   Number         0  rt_list.o ABSOLUTE
    ..\rt_Mailbox.c                          0x00000000   Number         0  rt_mailbox.o ABSOLUTE
    ..\rt_MemBox.c                           0x00000000   Number         0  rt_membox.o ABSOLUTE
    ..\rt_Memory.c                           0x00000000   Number         0  rt_memory.o ABSOLUTE
    ..\rt_Mutex.c                            0x00000000   Number         0  rt_mutex.o ABSOLUTE
    ..\rt_Robin.c                            0x00000000   Number         0  rt_robin.o ABSOLUTE
    ..\rt_Semaphore.c                        0x00000000   Number         0  rt_semaphore.o ABSOLUTE
    ..\rt_System.c                           0x00000000   Number         0  rt_system.o ABSOLUTE
    ..\rt_Task.c                             0x00000000   Number         0  rt_task.o ABSOLUTE
    ..\rt_Time.c                             0x00000000   Number         0  rt_time.o ABSOLUTE
    ..\user\src\main.c                       0x00000000   Number         0  main.o ABSOLUTE
    ..\user\src\stm32f4xx_it.c               0x00000000   Number         0  stm32f4xx_it.o ABSOLUTE
    ..\user\src\system_stm32f4xx.c           0x00000000   Number         0  system_stm32f4xx.o ABSOLUTE
    HAL_CM4.c                                0x00000000   Number         0  hal_cm4.o ABSOLUTE
    HAL_CM4.c                                0x00000000   Number         0  hal_cm4.o ABSOLUTE
    SVC_Table.s                              0x00000000   Number         0  SVC_Table.o ABSOLUTE
    dc.s                                     0x00000000   Number         0  dc.o ABSOLUTE
    handlers.s                               0x00000000   Number         0  handlers.o ABSOLUTE
    init.s                                   0x00000000   Number         0  init.o ABSOLUTE
    RESET                                    0x08000000   Section      392  startup_stm32f4xx.o(RESET)
    .ARM.Collect$$$$00000000                 0x08000188   Section        0  entry.o(.ARM.Collect$$$$00000000)
    .ARM.Collect$$$$00000001                 0x08000188   Section        4  entry2.o(.ARM.Collect$$$$00000001)
    .ARM.Collect$$$$00000004                 0x0800018c   Section        4  entry5.o(.ARM.Collect$$$$00000004)
    .ARM.Collect$$$$00000008                 0x08000190   Section        0  entry7b.o(.ARM.Collect$$$$00000008)
    .ARM.Collect$$$$000000FF                 0x08000190   Section        0  rtx_conf_cm.o(.ARM.Collect$$$$000000FF)
    .ARM.Collect$$$$00002712                 0x080001a0   Section        4  entry2.o(.ARM.Collect$$$$00002712)
    __lit__00000000                          0x080001a0   Data           4  entry2.o(.ARM.Collect$$$$00002712)
    .emb_text                                0x080001a4   Section      372  hal_cm4.o(.emb_text)
    $v0                                      0x080001a4   Number         0  hal_cm4.o(.emb_text)
    .text                                    0x08000318   Section        0  system_stm32f4xx.o(.text)
    SetSysClock                              0x08000319   Thumb Code   246  system_stm32f4xx.o(.text)
    .text                                    0x08000548   Section       36  startup_stm32f4xx.o(.text)
    $v0                                      0x08000548   Number         0  startup_stm32f4xx.o(.text)
    .text                                    0x0800056c   Section        0  rtx_conf_cm.o(.text)
    .text                                    0x08000574   Section        0  stm32f4xx_it.o(.text)
    .text                                    0x0800058a   Section        0  main.o(.text)
    .text                                    0x08000590   Section        0  misc.o(.text)
    .text                                    0x08000674   Section        0  stm32f4xx_dac.o(.text)
    .text                                    0x08000864   Section        0  stm32f4xx_dma.o(.text)
    .text                                    0x08000c14   Section        0  stm32f4xx_gpio.o(.text)
    .text                                    0x08000e60   Section        0  stm32f4xx_i2c.o(.text)
    .text                                    0x0800127c   Section        0  stm32f4xx_rcc.o(.text)
    .text                                    0x080017f4   Section        0  stm32f4xx_spi.o(.text)
    .text                                    0x08001bf4   Section        0  stm32f4_discovery_audio_codec.o(.text)
    Audio_MAL_Init                           0x08001cdd   Thumb Code   224  stm32f4_discovery_audio_codec.o(.text)
    Codec_AudioInterface_Init                0x08001dbd   Thumb Code   102  stm32f4_discovery_audio_codec.o(.text)
    Codec_ReadRegister                       0x08001e27   Thumb Code   410  stm32f4_discovery_audio_codec.o(.text)
    Codec_WriteRegister                      0x08001fc1   Thumb Code   364  stm32f4_discovery_audio_codec.o(.text)
    Codec_VolumeCtrl                         0x0800212d   Thumb Code    72  stm32f4_discovery_audio_codec.o(.text)
    Codec_CtrlInterface_Init                 0x08002175   Thumb Code    72  stm32f4_discovery_audio_codec.o(.text)
    Delay                                    0x080021bd   Thumb Code    10  stm32f4_discovery_audio_codec.o(.text)
    Codec_Reset                              0x080021c7   Thumb Code    32  stm32f4_discovery_audio_codec.o(.text)
    Codec_GPIO_Init                          0x080021e7   Thumb Code   270  stm32f4_discovery_audio_codec.o(.text)
    Codec_Init                               0x080022f5   Thumb Code   224  stm32f4_discovery_audio_codec.o(.text)
    Codec_AudioInterface_DeInit              0x0800240f   Thumb Code    82  stm32f4_discovery_audio_codec.o(.text)
    Codec_CtrlInterface_DeInit               0x08002461   Thumb Code     2  stm32f4_discovery_audio_codec.o(.text)
    Codec_GPIO_DeInit                        0x08002463   Thumb Code   100  stm32f4_discovery_audio_codec.o(.text)
    Codec_DeInit                             0x080024c7   Thumb Code    34  stm32f4_discovery_audio_codec.o(.text)
    Audio_MAL_DeInit                         0x080024e9   Thumb Code    52  stm32f4_discovery_audio_codec.o(.text)
    Codec_Play                               0x08002587   Thumb Code     4  stm32f4_discovery_audio_codec.o(.text)
    Audio_MAL_PauseResume                    0x080025ef   Thumb Code    76  stm32f4_discovery_audio_codec.o(.text)
    Codec_Mute                               0x0800263b   Thumb Code    38  stm32f4_discovery_audio_codec.o(.text)
    Codec_PauseResume                        0x08002661   Thumb Code    62  stm32f4_discovery_audio_codec.o(.text)
    Audio_MAL_Stop                           0x080026bb   Thumb Code    56  stm32f4_discovery_audio_codec.o(.text)
    Codec_Stop                               0x080026f3   Thumb Code    60  stm32f4_discovery_audio_codec.o(.text)
    Audio_MAL_IRQHandler                     0x0800277b   Thumb Code   210  stm32f4_discovery_audio_codec.o(.text)
    .text                                    0x080028d8   Section       36  init.o(.text)
    SVC_TABLE                                0x080028fc   Section        4  SVC_Table.o(SVC_TABLE)
    i.__scatterload_copy                     0x08002900   Section       14  handlers.o(i.__scatterload_copy)
    i.__scatterload_null                     0x0800290e   Section        2  handlers.o(i.__scatterload_null)
    i.__scatterload_zeroinit                 0x08002910   Section       14  handlers.o(i.__scatterload_zeroinit)
    i._init_box                              0x0800291e   Section        0  rt_membox.o(i._init_box)
    i.dbg_init                               0x08002964   Section        0  hal_cm.o(i.dbg_init)
    i.dbg_task_notify                        0x08002994   Section        0  hal_cm.o(i.dbg_task_notify)
    i.dbg_task_switch                        0x080029b4   Section        0  hal_cm.o(i.dbg_task_switch)
    i.isrMessagePut                          0x080029c4   Section        0  rt_cmsis.o(i.isrMessagePut)
    isrMessagePut                            0x080029c5   Thumb Code    44  rt_cmsis.o(i.isrMessagePut)
    i.isr_mbx_receive                        0x080029f0   Section        0  rt_mailbox.o(i.isr_mbx_receive)
    i.isr_mbx_send                           0x08002a40   Section        0  rt_mailbox.o(i.isr_mbx_send)
    i.osKernelStart                          0x08002a50   Section        0  rt_cmsis.o(i.osKernelStart)
    i.osMessageGet                           0x08002ab8   Section        0  rt_cmsis.o(i.osMessageGet)
    i.osThreadExit                           0x08002afc   Section        0  rt_cmsis.o(i.osThreadExit)
    i.osTimerCall                            0x08002b14   Section        0  rt_cmsis.o(i.osTimerCall)
    i.osTimerThread                          0x08002b20   Section        0  rt_cmsis.o(i.osTimerThread)
    i.rt_alloc_box                           0x08002b4c   Section        0  rt_membox.o(i.rt_alloc_box)
    i.rt_alloc_mem                           0x08002b68   Section        0  rt_memory.o(i.rt_alloc_mem)
    i.rt_block                               0x08002ba4   Section        0  rt_task.o(i.rt_block)
    i.rt_chk_robin                           0x08002bdc   Section        0  rt_robin.o(i.rt_chk_robin)
    i.rt_dec_dly                             0x08002c24   Section        0  rt_list.o(i.rt_dec_dly)
    i.rt_dispatch                            0x08002c94   Section        0  rt_task.o(i.rt_dispatch)
    i.rt_evt_psh                             0x08002cd8   Section        0  rt_event.o(i.rt_evt_psh)
    i.rt_free_box                            0x08002d28   Section        0  rt_membox.o(i.rt_free_box)
    i.rt_free_mem                            0x08002d48   Section        0  rt_memory.o(i.rt_free_mem)
    i.rt_get_first                           0x08002d70   Section        0  rt_list.o(i.rt_get_first)
    i.rt_id2obj                              0x08002d98   Section        0  rt_cmsis.o(i.rt_id2obj)
    rt_id2obj                                0x08002d99   Thumb Code     8  rt_cmsis.o(i.rt_id2obj)
    i.rt_init_context                        0x08002da0   Section        0  rt_task.o(i.rt_init_context)
    rt_init_context                          0x08002da1   Thumb Code    60  rt_task.o(i.rt_init_context)
    i.rt_init_mem                            0x08002de0   Section        0  rt_memory.o(i.rt_init_mem)
    i.rt_init_robin                          0x08002dfc   Section        0  rt_robin.o(i.rt_init_robin)
    i.rt_init_stack                          0x08002e14   Section        0  hal_cm.o(i.rt_init_stack)
    i.rt_mbx_check                           0x08002e64   Section        0  rt_mailbox.o(i.rt_mbx_check)
    i.rt_mbx_init                            0x08002e6c   Section        0  rt_mailbox.o(i.rt_mbx_init)
    i.rt_mbx_psh                             0x08002e88   Section        0  rt_mailbox.o(i.rt_mbx_psh)
    i.rt_mbx_wait                            0x08002f84   Section        0  rt_mailbox.o(i.rt_mbx_wait)
    i.rt_ms2tick                             0x08003038   Section        0  rt_cmsis.o(i.rt_ms2tick)
    rt_ms2tick                               0x08003039   Thumb Code    50  rt_cmsis.o(i.rt_ms2tick)
    i.rt_pop_req                             0x08003074   Section        0  rt_system.o(i.rt_pop_req)
    i.rt_psh_req                             0x080030ec   Section        0  rt_system.o(i.rt_psh_req)
    i.rt_psq_enq                             0x0800310c   Section        0  rt_list.o(i.rt_psq_enq)
    i.rt_put_dly                             0x08003164   Section        0  rt_list.o(i.rt_put_dly)
    i.rt_put_prio                            0x080031c0   Section        0  rt_list.o(i.rt_put_prio)
    i.rt_put_rdy_first                       0x080031f8   Section        0  rt_list.o(i.rt_put_rdy_first)
    i.rt_ret_regs                            0x0800320c   Section        0  hal_cm.o(i.rt_ret_regs)
    rt_ret_regs                              0x0800320d   Thumb Code    16  hal_cm.o(i.rt_ret_regs)
    i.rt_ret_val                             0x0800321c   Section        0  hal_cm.o(i.rt_ret_val)
    i.rt_ret_val2                            0x08003228   Section        0  hal_cm.o(i.rt_ret_val2)
    i.rt_rmv_dly                             0x08003238   Section        0  rt_list.o(i.rt_rmv_dly)
    i.rt_rmv_list                            0x08003260   Section        0  rt_list.o(i.rt_rmv_list)
    i.rt_sem_psh                             0x08003290   Section        0  rt_semaphore.o(i.rt_sem_psh)
    i.rt_stk_check                           0x080032c4   Section        0  rt_system.o(i.rt_stk_check)
    i.rt_switch_req                          0x080032e8   Section        0  rt_task.o(i.rt_switch_req)
    i.rt_sys_init                            0x08003310   Section        0  rt_task.o(i.rt_sys_init)
    i.rt_systick                             0x08003450   Section        0  rt_system.o(i.rt_systick)
    i.rt_tid2ptcb                            0x0800348c   Section        0  rt_cmsis.o(i.rt_tid2ptcb)
    rt_tid2ptcb                              0x0800348d   Thumb Code    18  rt_cmsis.o(i.rt_tid2ptcb)
    i.rt_timer_insert                        0x080034a0   Section        0  rt_cmsis.o(i.rt_timer_insert)
    rt_timer_insert                          0x080034a1   Thumb Code    56  rt_cmsis.o(i.rt_timer_insert)
    i.rt_tsk_create                          0x080034dc   Section        0  rt_task.o(i.rt_tsk_create)
    i.rt_tsk_delete                          0x0800355c   Section        0  rt_task.o(i.rt_tsk_delete)
    i.rt_tsk_self                            0x08003608   Section        0  rt_task.o(i.rt_tsk_self)
    i.svcKernelStart                         0x08003618   Section        0  rt_cmsis.o(i.svcKernelStart)
    i.svcMessageCreate                       0x080036ec   Section        0  rt_cmsis.o(i.svcMessageCreate)
    i.svcMessageGet                          0x08003710   Section        0  rt_cmsis.o(i.svcMessageGet)
    i.svcThreadCreate                        0x0800374c   Section        0  rt_cmsis.o(i.svcThreadCreate)
    i.svcThreadGetId                         0x080037bc   Section        0  rt_cmsis.o(i.svcThreadGetId)
    i.svcThreadTerminate                     0x080037d8   Section        0  rt_cmsis.o(i.svcThreadTerminate)
    i.svcTimerCall                           0x08003810   Section        0  rt_cmsis.o(i.svcTimerCall)
    i.sysTimerTick                           0x08003828   Section        0  rt_cmsis.o(i.sysTimerTick)
    .constdata                               0x0800387c   Section       88  rtx_conf_cm.o(.constdata)
    __tagsym$$used                           0x08003890   Number         0  rtx_conf_cm.o(.constdata)
    __tagsym$$used                           0x08003894   Number         0  rtx_conf_cm.o(.constdata)
    .bss                                     0x10000000   Section     2192  rtx_conf_cm.o(.bss)
    .data                                    0x20000000   Section       20  system_stm32f4xx.o(.data)
    .data                                    0x20000014   Section       16  rtx_conf_cm.o(.data)
    .data                                    0x20000024   Section       16  stm32f4xx_rcc.o(.data)
    APBAHBPrescTable                         0x20000024   Data          16  stm32f4xx_rcc.o(.data)
    .data                                    0x20000034   Section       64  stm32f4_discovery_audio_codec.o(.data)
    .data                                    0x20000074   Section        4  rt_cmsis.o(.data)
    .data                                    0x20000078   Section        8  rt_task.o(.data)
    .data                                    0x20000080   Section        3  rt_system.o(.data)
    os_lock                                  0x20000080   Data           1  rt_system.o(.data)
    os_psh_flag                              0x20000081   Data           1  rt_system.o(.data)
    pend_flags                               0x20000082   Data           1  rt_system.o(.data)
    .data                                    0x20000084   Section        2  rt_time.o(.data)
    .data                                    0x20000086   Section        1  hal_cm.o(.data)
    .data                                    0x20000088   Section        8  rt_robin.o(.data)
    .bss                                     0x20000090   Section      120  stm32f4_discovery_audio_codec.o(.bss)
    .bss                                     0x20000108   Section       48  rt_task.o(.bss)
    .bss                                     0x20000138   Section       48  rt_list.o(.bss)
    STACK                                    0x20000168   Section     1024  startup_stm32f4xx.o(STACK)

    Global Symbols

    Symbol Name                              Value     Ov Type        Size  Object(Section)

    BuildAttributes$$THM_ISAv4$E$P$D$K$B$S$7EM$VFPi3$EXTD16$VFPS$VFMA$PE$A:L22UL41UL21$X:L11$S22US41US21$IEEE1$IW$USESV6$~STKCKD$USESV7$~SHL$OSPACE$EBA8$MICROLIB$REQ8$PRES8$EABIv2 0x00000000   Number         0  anon$$obj.o ABSOLUTE
    __ARM_use_no_argv                        0x00000000   Number         0  main.o ABSOLUTE
    __decompress                              - Undefined Weak Reference
    _clock_init                               - Undefined Weak Reference
    __Vectors_Size                           0x00000188   Number         0  startup_stm32f4xx.o ABSOLUTE
    __RL_RTX_VER                             0x00000422   Number         0  rt_system.o ABSOLUTE
    __Vectors                                0x08000000   Data           4  startup_stm32f4xx.o(RESET)
    __Vectors_End                            0x08000188   Data           0  startup_stm32f4xx.o(RESET)
    __main                                   0x08000189   Thumb Code     0  entry.o(.ARM.Collect$$$$00000000)
    _main_stk                                0x08000189   Thumb Code     0  entry2.o(.ARM.Collect$$$$00000001)
    _main_scatterload                        0x0800018d   Thumb Code     0  entry5.o(.ARM.Collect$$$$00000004)
    __main_after_scatterload                 0x08000191   Thumb Code     0  entry5.o(.ARM.Collect$$$$00000004)
    _main_clock                              0x08000191   Thumb Code     0  entry7b.o(.ARM.Collect$$$$00000008)
    _main_init                               0x08000191   Thumb Code    10  rtx_conf_cm.o(.ARM.Collect$$$$000000FF)
    rt_set_PSP                               0x080001a5   Thumb Code     6  hal_cm4.o(.emb_text)
    os_set_env                               0x080001ab   Thumb Code    26  hal_cm4.o(.emb_text)
    _alloc_box                               0x080001c9   Thumb Code    28  hal_cm4.o(.emb_text)
    _free_box                                0x080001e9   Thumb Code    28  hal_cm4.o(.emb_text)
    SVC_Handler                              0x08000209   Thumb Code   152  hal_cm4.o(.emb_text)
    PendSV_Handler                           0x080002ad   Thumb Code     0  hal_cm4.o(.emb_text)
    Sys_Handler                              0x080002ad   Thumb Code   104  hal_cm4.o(.emb_text)
    SysTick_Handler                          0x0800030d   Thumb Code     0  hal_cm4.o(.emb_text)
    SystemInit                               0x0800040f   Thumb Code    88  system_stm32f4xx.o(.text)
    SystemCoreClockUpdate                    0x08000467   Thumb Code   178  system_stm32f4xx.o(.text)
    Reset_Handler                            0x08000549   Thumb Code     8  startup_stm32f4xx.o(.text)
    ADC_IRQHandler                           0x08000563   Thumb Code     0  startup_stm32f4xx.o(.text)
    CAN1_RX0_IRQHandler                      0x08000563   Thumb Code     0  startup_stm32f4xx.o(.text)
    CAN1_RX1_IRQHandler                      0x08000563   Thumb Code     0  startup_stm32f4xx.o(.text)
    CAN1_SCE_IRQHandler                      0x08000563   Thumb Code     0  startup_stm32f4xx.o(.text)
    CAN1_TX_IRQHandler                       0x08000563   Thumb Code     0  startup_stm32f4xx.o(.text)
    CAN2_RX0_IRQHandler                      0x08000563   Thumb Code     0  startup_stm32f4xx.o(.text)
    CAN2_RX1_IRQHandler                      0x08000563   Thumb Code     0  startup_stm32f4xx.o(.text)
    CAN2_SCE_IRQHandler                      0x08000563   Thumb Code     0  startup_stm32f4xx.o(.text)
    CAN2_TX_IRQHandler                       0x08000563   Thumb Code     0  startup_stm32f4xx.o(.text)
    CRYP_IRQHandler                          0x08000563   Thumb Code     0  startup_stm32f4xx.o(.text)
    DCMI_IRQHandler                          0x08000563   Thumb Code     0  startup_stm32f4xx.o(.text)
    DMA1_Stream1_IRQHandler                  0x08000563   Thumb Code     0  startup_stm32f4xx.o(.text)
    DMA1_Stream2_IRQHandler                  0x08000563   Thumb Code     0  startup_stm32f4xx.o(.text)
    DMA1_Stream3_IRQHandler                  0x08000563   Thumb Code     0  startup_stm32f4xx.o(.text)
    DMA1_Stream4_IRQHandler                  0x08000563   Thumb Code     0  startup_stm32f4xx.o(.text)
    DMA1_Stream5_IRQHandler                  0x08000563   Thumb Code     0  startup_stm32f4xx.o(.text)
    DMA1_Stream6_IRQHandler                  0x08000563   Thumb Code     0  startup_stm32f4xx.o(.text)
    DMA2_Stream0_IRQHandler                  0x08000563   Thumb Code     0  startup_stm32f4xx.o(.text)
    DMA2_Stream1_IRQHandler                  0x08000563   Thumb Code     0  startup_stm32f4xx.o(.text)
    DMA2_Stream2_IRQHandler                  0x08000563   Thumb Code     0  startup_stm32f4xx.o(.text)
    DMA2_Stream3_IRQHandler                  0x08000563   Thumb Code     0  startup_stm32f4xx.o(.text)
    DMA2_Stream4_IRQHandler                  0x08000563   Thumb Code     0  startup_stm32f4xx.o(.text)
    DMA2_Stream5_IRQHandler                  0x08000563   Thumb Code     0  startup_stm32f4xx.o(.text)
    DMA2_Stream6_IRQHandler                  0x08000563   Thumb Code     0  startup_stm32f4xx.o(.text)
    DMA2_Stream7_IRQHandler                  0x08000563   Thumb Code     0  startup_stm32f4xx.o(.text)
    ETH_IRQHandler                           0x08000563   Thumb Code     0  startup_stm32f4xx.o(.text)
    ETH_WKUP_IRQHandler                      0x08000563   Thumb Code     0  startup_stm32f4xx.o(.text)
    EXTI15_10_IRQHandler                     0x08000563   Thumb Code     0  startup_stm32f4xx.o(.text)
    EXTI1_IRQHandler                         0x08000563   Thumb Code     0  startup_stm32f4xx.o(.text)
    EXTI2_IRQHandler                         0x08000563   Thumb Code     0  startup_stm32f4xx.o(.text)
    EXTI3_IRQHandler                         0x08000563   Thumb Code     0  startup_stm32f4xx.o(.text)
    EXTI4_IRQHandler                         0x08000563   Thumb Code     0  startup_stm32f4xx.o(.text)
    EXTI9_5_IRQHandler                       0x08000563   Thumb Code     0  startup_stm32f4xx.o(.text)
    FLASH_IRQHandler                         0x08000563   Thumb Code     0  startup_stm32f4xx.o(.text)
    FPU_IRQHandler                           0x08000563   Thumb Code     0  startup_stm32f4xx.o(.text)
    FSMC_IRQHandler                          0x08000563   Thumb Code     0  startup_stm32f4xx.o(.text)
    HASH_RNG_IRQHandler                      0x08000563   Thumb Code     0  startup_stm32f4xx.o(.text)
    I2C1_ER_IRQHandler                       0x08000563   Thumb Code     0  startup_stm32f4xx.o(.text)
    I2C1_EV_IRQHandler                       0x08000563   Thumb Code     0  startup_stm32f4xx.o(.text)
    I2C2_ER_IRQHandler                       0x08000563   Thumb Code     0  startup_stm32f4xx.o(.text)
    I2C2_EV_IRQHandler                       0x08000563   Thumb Code     0  startup_stm32f4xx.o(.text)
    I2C3_ER_IRQHandler                       0x08000563   Thumb Code     0  startup_stm32f4xx.o(.text)
    I2C3_EV_IRQHandler                       0x08000563   Thumb Code     0  startup_stm32f4xx.o(.text)
    OTG_FS_IRQHandler                        0x08000563   Thumb Code     0  startup_stm32f4xx.o(.text)
    OTG_FS_WKUP_IRQHandler                   0x08000563   Thumb Code     0  startup_stm32f4xx.o(.text)
    OTG_HS_EP1_IN_IRQHandler                 0x08000563   Thumb Code     0  startup_stm32f4xx.o(.text)
    OTG_HS_EP1_OUT_IRQHandler                0x08000563   Thumb Code     0  startup_stm32f4xx.o(.text)
    OTG_HS_IRQHandler                        0x08000563   Thumb Code     0  startup_stm32f4xx.o(.text)
    OTG_HS_WKUP_IRQHandler                   0x08000563   Thumb Code     0  startup_stm32f4xx.o(.text)
    PVD_IRQHandler                           0x08000563   Thumb Code     0  startup_stm32f4xx.o(.text)
    RCC_IRQHandler                           0x08000563   Thumb Code     0  startup_stm32f4xx.o(.text)
    RTC_Alarm_IRQHandler                     0x08000563   Thumb Code     0  startup_stm32f4xx.o(.text)
    RTC_WKUP_IRQHandler                      0x08000563   Thumb Code     0  startup_stm32f4xx.o(.text)
    SDIO_IRQHandler                          0x08000563   Thumb Code     0  startup_stm32f4xx.o(.text)
    SPI1_IRQHandler                          0x08000563   Thumb Code     0  startup_stm32f4xx.o(.text)
    SPI2_IRQHandler                          0x08000563   Thumb Code     0  startup_stm32f4xx.o(.text)
    TAMP_STAMP_IRQHandler                    0x08000563   Thumb Code     0  startup_stm32f4xx.o(.text)
    TIM1_BRK_TIM9_IRQHandler                 0x08000563   Thumb Code     0  startup_stm32f4xx.o(.text)
    TIM1_CC_IRQHandler                       0x08000563   Thumb Code     0  startup_stm32f4xx.o(.text)
    TIM1_TRG_COM_TIM11_IRQHandler            0x08000563   Thumb Code     0  startup_stm32f4xx.o(.text)
    TIM1_UP_TIM10_IRQHandler                 0x08000563   Thumb Code     0  startup_stm32f4xx.o(.text)
    TIM2_IRQHandler                          0x08000563   Thumb Code     0  startup_stm32f4xx.o(.text)
    TIM3_IRQHandler                          0x08000563   Thumb Code     0  startup_stm32f4xx.o(.text)
    TIM4_IRQHandler                          0x08000563   Thumb Code     0  startup_stm32f4xx.o(.text)
    TIM5_IRQHandler                          0x08000563   Thumb Code     0  startup_stm32f4xx.o(.text)
    TIM6_DAC_IRQHandler                      0x08000563   Thumb Code     0  startup_stm32f4xx.o(.text)
    TIM7_IRQHandler                          0x08000563   Thumb Code     0  startup_stm32f4xx.o(.text)
    TIM8_BRK_TIM12_IRQHandler                0x08000563   Thumb Code     0  startup_stm32f4xx.o(.text)
    TIM8_CC_IRQHandler                       0x08000563   Thumb Code     0  startup_stm32f4xx.o(.text)
    TIM8_TRG_COM_TIM14_IRQHandler            0x08000563   Thumb Code     0  startup_stm32f4xx.o(.text)
    TIM8_UP_TIM13_IRQHandler                 0x08000563   Thumb Code     0  startup_stm32f4xx.o(.text)
    UART4_IRQHandler                         0x08000563   Thumb Code     0  startup_stm32f4xx.o(.text)
    UART5_IRQHandler                         0x08000563   Thumb Code     0  startup_stm32f4xx.o(.text)
    USART1_IRQHandler                        0x08000563   Thumb Code     0  startup_stm32f4xx.o(.text)
    USART2_IRQHandler                        0x08000563   Thumb Code     0  startup_stm32f4xx.o(.text)
    USART3_IRQHandler                        0x08000563   Thumb Code     0  startup_stm32f4xx.o(.text)
    USART6_IRQHandler                        0x08000563   Thumb Code     0  startup_stm32f4xx.o(.text)
    WWDG_IRQHandler                          0x08000563   Thumb Code     0  startup_stm32f4xx.o(.text)
    os_idle_demon                            0x0800056d   Thumb Code     4  rtx_conf_cm.o(.text)
    os_error                                 0x08000571   Thumb Code     4  rtx_conf_cm.o(.text)
    NMI_Handler                              0x08000575   Thumb Code     2  stm32f4xx_it.o(.text)
    HardFault_Handler                        0x08000577   Thumb Code     4  stm32f4xx_it.o(.text)
    MemManage_Handler                        0x0800057b   Thumb Code     4  stm32f4xx_it.o(.text)
    BusFault_Handler                         0x0800057f   Thumb Code     4  stm32f4xx_it.o(.text)
    UsageFault_Handler                       0x08000583   Thumb Code     4  stm32f4xx_it.o(.text)
    DebugMon_Handler                         0x08000587   Thumb Code     2  stm32f4xx_it.o(.text)
    EXTI0_IRQHandler                         0x08000589   Thumb Code     2  stm32f4xx_it.o(.text)
    main                                     0x0800058b   Thumb Code     4  main.o(.text)
    NVIC_PriorityGroupConfig                 0x08000591   Thumb Code    10  misc.o(.text)
    NVIC_Init                                0x0800059b   Thumb Code   108  misc.o(.text)
    NVIC_SetVectorTable                      0x08000607   Thumb Code    14  misc.o(.text)
    NVIC_SystemLPConfig                      0x08000615   Thumb Code    34  misc.o(.text)
    SysTick_CLKSourceConfig                  0x08000637   Thumb Code    40  misc.o(.text)
    DAC_DeInit                               0x08000675   Thumb Code    22  stm32f4xx_dac.o(.text)
    DAC_Init                                 0x0800068b   Thumb Code    46  stm32f4xx_dac.o(.text)
    DAC_StructInit                           0x080006b9   Thumb Code    12  stm32f4xx_dac.o(.text)
    DAC_Cmd                                  0x080006c5   Thumb Code    34  stm32f4xx_dac.o(.text)
    DAC_SoftwareTriggerCmd                   0x080006e7   Thumb Code    48  stm32f4xx_dac.o(.text)
    DAC_DualSoftwareTriggerCmd               0x08000717   Thumb Code    38  stm32f4xx_dac.o(.text)
    DAC_WaveGenerationCmd                    0x0800073d   Thumb Code    36  stm32f4xx_dac.o(.text)
    DAC_SetChannel1Data                      0x08000761   Thumb Code    14  stm32f4xx_dac.o(.text)
    DAC_SetChannel2Data                      0x0800076f   Thumb Code    14  stm32f4xx_dac.o(.text)
    DAC_SetDualChannelData                   0x0800077d   Thumb Code    36  stm32f4xx_dac.o(.text)
    DAC_GetDataOutputValue                   0x080007a1   Thumb Code    20  stm32f4xx_dac.o(.text)
    DAC_DMACmd                               0x080007b5   Thumb Code    38  stm32f4xx_dac.o(.text)
    DAC_ITConfig                             0x080007db   Thumb Code    36  stm32f4xx_dac.o(.text)
    DAC_GetFlagStatus                        0x080007ff   Thumb Code    28  stm32f4xx_dac.o(.text)
    DAC_ClearFlag                            0x0800081b   Thumb Code    12  stm32f4xx_dac.o(.text)
    DAC_GetITStatus                          0x08000827   Thumb Code    44  stm32f4xx_dac.o(.text)
    DAC_ClearITPendingBit                    0x08000853   Thumb Code    12  stm32f4xx_dac.o(.text)
    DMA_DeInit                               0x08000865   Thumb Code   324  stm32f4xx_dma.o(.text)
    DMA_Init                                 0x080009a9   Thumb Code    82  stm32f4xx_dma.o(.text)
    DMA_StructInit                           0x080009fb   Thumb Code    34  stm32f4xx_dma.o(.text)
    DMA_Cmd                                  0x08000a1d   Thumb Code    22  stm32f4xx_dma.o(.text)
    DMA_PeriphIncOffsetSizeConfig            0x08000a33   Thumb Code    22  stm32f4xx_dma.o(.text)
    DMA_FlowControllerConfig                 0x08000a49   Thumb Code    22  stm32f4xx_dma.o(.text)
    DMA_SetCurrDataCounter                   0x08000a5f   Thumb Code     4  stm32f4xx_dma.o(.text)
    DMA_GetCurrDataCounter                   0x08000a63   Thumb Code     8  stm32f4xx_dma.o(.text)
    DMA_DoubleBufferModeConfig               0x08000a6b   Thumb Code    24  stm32f4xx_dma.o(.text)
    DMA_DoubleBufferModeCmd                  0x08000a83   Thumb Code    22  stm32f4xx_dma.o(.text)
    DMA_MemoryTargetConfig                   0x08000a99   Thumb Code    10  stm32f4xx_dma.o(.text)
    DMA_GetCurrentMemoryTarget               0x08000aa3   Thumb Code    20  stm32f4xx_dma.o(.text)
    DMA_GetCmdStatus                         0x08000ab7   Thumb Code    20  stm32f4xx_dma.o(.text)
    DMA_GetFIFOStatus                        0x08000acb   Thumb Code    12  stm32f4xx_dma.o(.text)
    DMA_GetFlagStatus                        0x08000ad7   Thumb Code    62  stm32f4xx_dma.o(.text)
    DMA_ClearFlag                            0x08000b15   Thumb Code    40  stm32f4xx_dma.o(.text)
    DMA_ITConfig                             0x08000b3d   Thumb Code    58  stm32f4xx_dma.o(.text)
    DMA_GetITStatus                          0x08000b77   Thumb Code    86  stm32f4xx_dma.o(.text)
    DMA_ClearITPendingBit                    0x08000bcd   Thumb Code    40  stm32f4xx_dma.o(.text)
    GPIO_DeInit                              0x08000c15   Thumb Code   220  stm32f4xx_gpio.o(.text)
    GPIO_Init                                0x08000cf1   Thumb Code   144  stm32f4xx_gpio.o(.text)
    GPIO_StructInit                          0x08000d81   Thumb Code    18  stm32f4xx_gpio.o(.text)
    GPIO_PinLockConfig                       0x08000d93   Thumb Code    18  stm32f4xx_gpio.o(.text)
    GPIO_ReadInputDataBit                    0x08000da5   Thumb Code    18  stm32f4xx_gpio.o(.text)
    GPIO_ReadInputData                       0x08000db7   Thumb Code     8  stm32f4xx_gpio.o(.text)
    GPIO_ReadOutputDataBit                   0x08000dbf   Thumb Code    18  stm32f4xx_gpio.o(.text)
    GPIO_ReadOutputData                      0x08000dd1   Thumb Code     8  stm32f4xx_gpio.o(.text)
    GPIO_SetBits                             0x08000dd9   Thumb Code     4  stm32f4xx_gpio.o(.text)
    GPIO_ResetBits                           0x08000ddd   Thumb Code     4  stm32f4xx_gpio.o(.text)
    GPIO_WriteBit                            0x08000de1   Thumb Code    10  stm32f4xx_gpio.o(.text)
    GPIO_Write                               0x08000deb   Thumb Code     4  stm32f4xx_gpio.o(.text)
    GPIO_ToggleBits                          0x08000def   Thumb Code     8  stm32f4xx_gpio.o(.text)
    GPIO_PinAFConfig                         0x08000df7   Thumb Code    70  stm32f4xx_gpio.o(.text)
    I2C_DeInit                               0x08000e61   Thumb Code    82  stm32f4xx_i2c.o(.text)
    I2C_Init                                 0x08000eb3   Thumb Code   218  stm32f4xx_i2c.o(.text)
    I2C_StructInit                           0x08000f8d   Thumb Code    30  stm32f4xx_i2c.o(.text)
    I2C_Cmd                                  0x08000fab   Thumb Code    24  stm32f4xx_i2c.o(.text)
    I2C_GenerateSTART                        0x08000fc3   Thumb Code    24  stm32f4xx_i2c.o(.text)
    I2C_GenerateSTOP                         0x08000fdb   Thumb Code    24  stm32f4xx_i2c.o(.text)
    I2C_Send7bitAddress                      0x08000ff3   Thumb Code    16  stm32f4xx_i2c.o(.text)
    I2C_AcknowledgeConfig                    0x08001003   Thumb Code    24  stm32f4xx_i2c.o(.text)
    I2C_OwnAddress2Config                    0x0800101b   Thumb Code    22  stm32f4xx_i2c.o(.text)
    I2C_DualAddressCmd                       0x08001031   Thumb Code    24  stm32f4xx_i2c.o(.text)
    I2C_GeneralCallCmd                       0x08001049   Thumb Code    24  stm32f4xx_i2c.o(.text)
    I2C_SoftwareResetCmd                     0x08001061   Thumb Code    22  stm32f4xx_i2c.o(.text)
    I2C_StretchClockCmd                      0x08001077   Thumb Code    24  stm32f4xx_i2c.o(.text)
    I2C_FastModeDutyCycleConfig              0x0800108f   Thumb Code    28  stm32f4xx_i2c.o(.text)
    I2C_NACKPositionConfig                   0x080010ab   Thumb Code    28  stm32f4xx_i2c.o(.text)
    I2C_SMBusAlertConfig                     0x080010c7   Thumb Code    28  stm32f4xx_i2c.o(.text)
    I2C_ARPCmd                               0x080010e3   Thumb Code    24  stm32f4xx_i2c.o(.text)
    I2C_SendData                             0x080010fb   Thumb Code     4  stm32f4xx_i2c.o(.text)
    I2C_ReceiveData                          0x080010ff   Thumb Code     8  stm32f4xx_i2c.o(.text)
    I2C_TransmitPEC                          0x08001107   Thumb Code    24  stm32f4xx_i2c.o(.text)
    I2C_PECPositionConfig                    0x0800111f   Thumb Code    28  stm32f4xx_i2c.o(.text)
    I2C_CalculatePEC                         0x0800113b   Thumb Code    24  stm32f4xx_i2c.o(.text)
    I2C_GetPEC                               0x08001153   Thumb Code     8  stm32f4xx_i2c.o(.text)
    I2C_DMACmd                               0x0800115b   Thumb Code    24  stm32f4xx_i2c.o(.text)
    I2C_DMALastTransferCmd                   0x08001173   Thumb Code    24  stm32f4xx_i2c.o(.text)
    I2C_ReadRegister                         0x0800118b   Thumb Code    12  stm32f4xx_i2c.o(.text)
    I2C_ITConfig                             0x08001197   Thumb Code    24  stm32f4xx_i2c.o(.text)
    I2C_CheckEvent                           0x080011af   Thumb Code    44  stm32f4xx_i2c.o(.text)
    I2C_GetLastEvent                         0x080011db   Thumb Code    26  stm32f4xx_i2c.o(.text)
    I2C_GetFlagStatus                        0x080011f5   Thumb Code    48  stm32f4xx_i2c.o(.text)
    I2C_ClearFlag                            0x08001225   Thumb Code    12  stm32f4xx_i2c.o(.text)
    I2C_GetITStatus                          0x08001231   Thumb Code    64  stm32f4xx_i2c.o(.text)
    I2C_ClearITPendingBit                    0x08001271   Thumb Code    12  stm32f4xx_i2c.o(.text)
    RCC_DeInit                               0x0800127d   Thumb Code    60  stm32f4xx_rcc.o(.text)
    RCC_HSEConfig                            0x080012b9   Thumb Code    14  stm32f4xx_rcc.o(.text)
    RCC_GetFlagStatus                        0x080012c7   Thumb Code    60  stm32f4xx_rcc.o(.text)
    RCC_WaitForHSEStartUp                    0x08001303   Thumb Code    48  stm32f4xx_rcc.o(.text)
    RCC_AdjustHSICalibrationValue            0x08001333   Thumb Code    20  stm32f4xx_rcc.o(.text)
    RCC_HSICmd                               0x08001347   Thumb Code     6  stm32f4xx_rcc.o(.text)
    RCC_LSEConfig                            0x0800134d   Thumb Code    46  stm32f4xx_rcc.o(.text)
    RCC_LSICmd                               0x0800137b   Thumb Code     6  stm32f4xx_rcc.o(.text)
    RCC_PLLConfig                            0x08001381   Thumb Code    34  stm32f4xx_rcc.o(.text)
    RCC_PLLCmd                               0x080013a3   Thumb Code     6  stm32f4xx_rcc.o(.text)
    RCC_PLLI2SConfig                         0x080013a9   Thumb Code    14  stm32f4xx_rcc.o(.text)
    RCC_PLLI2SCmd                            0x080013b7   Thumb Code     6  stm32f4xx_rcc.o(.text)
    RCC_ClockSecuritySystemCmd               0x080013bd   Thumb Code     6  stm32f4xx_rcc.o(.text)
    RCC_MCO1Config                           0x080013c3   Thumb Code    28  stm32f4xx_rcc.o(.text)
    RCC_MCO2Config                           0x080013df   Thumb Code    28  stm32f4xx_rcc.o(.text)
    RCC_SYSCLKConfig                         0x080013fb   Thumb Code    20  stm32f4xx_rcc.o(.text)
    RCC_GetSYSCLKSource                      0x0800140f   Thumb Code    12  stm32f4xx_rcc.o(.text)
    RCC_HCLKConfig                           0x0800141b   Thumb Code    20  stm32f4xx_rcc.o(.text)
    RCC_PCLK1Config                          0x0800142f   Thumb Code    20  stm32f4xx_rcc.o(.text)
    RCC_PCLK2Config                          0x08001443   Thumb Code    22  stm32f4xx_rcc.o(.text)
    RCC_GetClocksFreq                        0x08001459   Thumb Code   214  stm32f4xx_rcc.o(.text)
    RCC_RTCCLKConfig                         0x0800152f   Thumb Code    54  stm32f4xx_rcc.o(.text)
    RCC_RTCCLKCmd                            0x08001565   Thumb Code     8  stm32f4xx_rcc.o(.text)
    RCC_BackupResetCmd                       0x0800156d   Thumb Code     8  stm32f4xx_rcc.o(.text)
    RCC_I2SCLKConfig                         0x08001575   Thumb Code     6  stm32f4xx_rcc.o(.text)
    RCC_AHB1PeriphClockCmd                   0x0800157b   Thumb Code    34  stm32f4xx_rcc.o(.text)
    RCC_AHB2PeriphClockCmd                   0x0800159d   Thumb Code    34  stm32f4xx_rcc.o(.text)
    RCC_AHB3PeriphClockCmd                   0x080015bf   Thumb Code    34  stm32f4xx_rcc.o(.text)
    RCC_APB1PeriphClockCmd                   0x080015e1   Thumb Code    34  stm32f4xx_rcc.o(.text)
    RCC_APB2PeriphClockCmd                   0x08001603   Thumb Code    34  stm32f4xx_rcc.o(.text)
    RCC_AHB1PeriphResetCmd                   0x08001625   Thumb Code    34  stm32f4xx_rcc.o(.text)
    RCC_AHB2PeriphResetCmd                   0x08001647   Thumb Code    74  stm32f4xx_rcc.o(.text)
    RCC_AHB3PeriphResetCmd                   0x08001691   Thumb Code    26  stm32f4xx_rcc.o(.text)
    RCC_APB1PeriphResetCmd                   0x080016ab   Thumb Code    34  stm32f4xx_rcc.o(.text)
    RCC_APB2PeriphResetCmd                   0x080016cd   Thumb Code    34  stm32f4xx_rcc.o(.text)
    RCC_AHB1PeriphClockLPModeCmd             0x080016ef   Thumb Code    34  stm32f4xx_rcc.o(.text)
    RCC_AHB2PeriphClockLPModeCmd             0x08001711   Thumb Code    34  stm32f4xx_rcc.o(.text)
    RCC_AHB3PeriphClockLPModeCmd             0x08001733   Thumb Code    34  stm32f4xx_rcc.o(.text)
    RCC_APB1PeriphClockLPModeCmd             0x08001755   Thumb Code    34  stm32f4xx_rcc.o(.text)
    RCC_APB2PeriphClockLPModeCmd             0x08001777   Thumb Code    34  stm32f4xx_rcc.o(.text)
    RCC_ITConfig                             0x08001799   Thumb Code    38  stm32f4xx_rcc.o(.text)
    RCC_ClearFlag                            0x080017bf   Thumb Code    18  stm32f4xx_rcc.o(.text)
    RCC_GetITStatus                          0x080017d1   Thumb Code    22  stm32f4xx_rcc.o(.text)
    RCC_ClearITPendingBit                    0x080017e7   Thumb Code     8  stm32f4xx_rcc.o(.text)
    SPI_I2S_DeInit                           0x080017f5   Thumb Code    76  stm32f4xx_spi.o(.text)
    SPI_Init                                 0x08001841   Thumb Code    60  stm32f4xx_spi.o(.text)
    I2S_Init                                 0x0800187d   Thumb Code   340  stm32f4xx_spi.o(.text)
    SPI_StructInit                           0x080019d1   Thumb Code    24  stm32f4xx_spi.o(.text)
    I2S_StructInit                           0x080019e9   Thumb Code    20  stm32f4xx_spi.o(.text)
    SPI_Cmd                                  0x080019fd   Thumb Code    24  stm32f4xx_spi.o(.text)
    I2S_Cmd                                  0x08001a15   Thumb Code    24  stm32f4xx_spi.o(.text)
    SPI_DataSizeConfig                       0x08001a2d   Thumb Code    18  stm32f4xx_spi.o(.text)
    SPI_BiDirectionalLineConfig              0x08001a3f   Thumb Code    28  stm32f4xx_spi.o(.text)
    SPI_NSSInternalSoftwareConfig            0x08001a5b   Thumb Code    30  stm32f4xx_spi.o(.text)
    SPI_SSOutputCmd                          0x08001a79   Thumb Code    24  stm32f4xx_spi.o(.text)
    SPI_TIModeCmd                            0x08001a91   Thumb Code    24  stm32f4xx_spi.o(.text)
    I2S_FullDuplexConfig                     0x08001aa9   Thumb Code    80  stm32f4xx_spi.o(.text)
    SPI_I2S_ReceiveData                      0x08001af9   Thumb Code     6  stm32f4xx_spi.o(.text)
    SPI_I2S_SendData                         0x08001aff   Thumb Code     4  stm32f4xx_spi.o(.text)
    SPI_CalculateCRC                         0x08001b03   Thumb Code    24  stm32f4xx_spi.o(.text)
    SPI_TransmitCRC                          0x08001b1b   Thumb Code    10  stm32f4xx_spi.o(.text)
    SPI_GetCRC                               0x08001b25   Thumb Code    16  stm32f4xx_spi.o(.text)
    SPI_GetCRCPolynomial                     0x08001b35   Thumb Code     6  stm32f4xx_spi.o(.text)
    SPI_I2S_DMACmd                           0x08001b3b   Thumb Code    24  stm32f4xx_spi.o(.text)
    SPI_I2S_ITConfig                         0x08001b53   Thumb Code    42  stm32f4xx_spi.o(.text)
    SPI_I2S_GetFlagStatus                    0x08001b7d   Thumb Code    18  stm32f4xx_spi.o(.text)
    SPI_I2S_ClearFlag                        0x08001b8f   Thumb Code     6  stm32f4xx_spi.o(.text)
    SPI_I2S_GetITStatus                      0x08001b95   Thumb Code    56  stm32f4xx_spi.o(.text)
    SPI_I2S_ClearITPendingBit                0x08001bcd   Thumb Code    40  stm32f4xx_spi.o(.text)
    EVAL_AUDIO_SetAudioInterface             0x08001bf5   Thumb Code   156  stm32f4_discovery_audio_codec.o(.text)
    EVAL_AUDIO_GetSampleCallBack             0x08001c91   Thumb Code     4  stm32f4_discovery_audio_codec.o(.text)
    EVAL_AUDIO_TransferComplete_CallBack     0x08001c95   Thumb Code     2  stm32f4_discovery_audio_codec.o(.text)
    DAC_Config                               0x08001c97   Thumb Code    70  stm32f4_discovery_audio_codec.o(.text)
    Codec_TIMEOUT_UserCallback               0x08001e23   Thumb Code     4  stm32f4_discovery_audio_codec.o(.text)
    EVAL_AUDIO_Init                          0x080023d5   Thumb Code    58  stm32f4_discovery_audio_codec.o(.text)
    EVAL_AUDIO_DeInit                        0x0800251d   Thumb Code    14  stm32f4_discovery_audio_codec.o(.text)
    Audio_MAL_Play                           0x0800252b   Thumb Code    92  stm32f4_discovery_audio_codec.o(.text)
    EVAL_AUDIO_Play                          0x0800258b   Thumb Code   100  stm32f4_discovery_audio_codec.o(.text)
    EVAL_AUDIO_PauseResume                   0x0800269f   Thumb Code    28  stm32f4_discovery_audio_codec.o(.text)
    EVAL_AUDIO_Stop                          0x0800272f   Thumb Code    32  stm32f4_discovery_audio_codec.o(.text)
    EVAL_AUDIO_VolumeCtl                     0x0800274f   Thumb Code    32  stm32f4_discovery_audio_codec.o(.text)
    EVAL_AUDIO_Mute                          0x0800276f   Thumb Code    12  stm32f4_discovery_audio_codec.o(.text)
    DMA1_Stream7_IRQHandler                  0x0800284d   Thumb Code     8  stm32f4_discovery_audio_codec.o(.text)
    DMA1_Stream0_IRQHandler                  0x08002855   Thumb Code    72  stm32f4_discovery_audio_codec.o(.text)
    SPI3_IRQHandler                          0x0800289d   Thumb Code    50  stm32f4_discovery_audio_codec.o(.text)
    __scatterload                            0x080028d9   Thumb Code    28  init.o(.text)
    __scatterload_rt2                        0x080028d9   Thumb Code     0  init.o(.text)
    SVC_Count                                0x080028fc   Data           4  SVC_Table.o(SVC_TABLE)
    SVC_Table                                0x08002900   Data           0  SVC_Table.o(SVC_TABLE)
    __scatterload_copy                       0x08002901   Thumb Code    14  handlers.o(i.__scatterload_copy)
    __scatterload_null                       0x0800290f   Thumb Code     2  handlers.o(i.__scatterload_null)
    __scatterload_zeroinit                   0x08002911   Thumb Code    14  handlers.o(i.__scatterload_zeroinit)
    _init_box                                0x0800291f   Thumb Code    70  rt_membox.o(i._init_box)
    dbg_init                                 0x08002965   Thumb Code    34  hal_cm.o(i.dbg_init)
    dbg_task_notify                          0x08002995   Thumb Code    32  hal_cm.o(i.dbg_task_notify)
    dbg_task_switch                          0x080029b5   Thumb Code    16  hal_cm.o(i.dbg_task_switch)
    isr_mbx_receive                          0x080029f1   Thumb Code    80  rt_mailbox.o(i.isr_mbx_receive)
    isr_mbx_send                             0x08002a41   Thumb Code    14  rt_mailbox.o(i.isr_mbx_send)
    osKernelStart                            0x08002a51   Thumb Code    94  rt_cmsis.o(i.osKernelStart)
    osMessageGet                             0x08002ab9   Thumb Code    64  rt_cmsis.o(i.osMessageGet)
    osThreadExit                             0x08002afd   Thumb Code    14  rt_cmsis.o(i.osThreadExit)
    osTimerCall                              0x08002b15   Thumb Code     8  rt_cmsis.o(i.osTimerCall)
    osTimerThread                            0x08002b21   Thumb Code    38  rt_cmsis.o(i.osTimerThread)
    rt_alloc_box                             0x08002b4d   Thumb Code    28  rt_membox.o(i.rt_alloc_box)
    rt_alloc_mem                             0x08002b69   Thumb Code    60  rt_memory.o(i.rt_alloc_mem)
    rt_block                                 0x08002ba5   Thumb Code    48  rt_task.o(i.rt_block)
    rt_chk_robin                             0x08002bdd   Thumb Code    58  rt_robin.o(i.rt_chk_robin)
    rt_dec_dly                               0x08002c25   Thumb Code   102  rt_list.o(i.rt_dec_dly)
    rt_dispatch                              0x08002c95   Thumb Code    60  rt_task.o(i.rt_dispatch)
    rt_evt_psh                               0x08002cd9   Thumb Code    76  rt_event.o(i.rt_evt_psh)
    rt_free_box                              0x08002d29   Thumb Code    32  rt_membox.o(i.rt_free_box)
    rt_free_mem                              0x08002d49   Thumb Code    40  rt_memory.o(i.rt_free_mem)
    rt_get_first                             0x08002d71   Thumb Code    40  rt_list.o(i.rt_get_first)
    rt_init_mem                              0x08002de1   Thumb Code    26  rt_memory.o(i.rt_init_mem)
    rt_init_robin                            0x08002dfd   Thumb Code    14  rt_robin.o(i.rt_init_robin)
    rt_init_stack                            0x08002e15   Thumb Code    70  hal_cm.o(i.rt_init_stack)
    rt_mbx_check                             0x08002e65   Thumb Code     8  rt_mailbox.o(i.rt_mbx_check)
    rt_mbx_init                              0x08002e6d   Thumb Code    26  rt_mailbox.o(i.rt_mbx_init)
    rt_mbx_psh                               0x08002e89   Thumb Code   248  rt_mailbox.o(i.rt_mbx_psh)
    rt_mbx_wait                              0x08002f85   Thumb Code   174  rt_mailbox.o(i.rt_mbx_wait)
    rt_pop_req                               0x08003075   Thumb Code   106  rt_system.o(i.rt_pop_req)
    rt_psh_req                               0x080030ed   Thumb Code    22  rt_system.o(i.rt_psh_req)
    rt_psq_enq                               0x0800310d   Thumb Code    82  rt_list.o(i.rt_psq_enq)
    rt_put_dly                               0x08003165   Thumb Code    88  rt_list.o(i.rt_put_dly)
    rt_put_prio                              0x080031c1   Thumb Code    56  rt_list.o(i.rt_put_prio)
    rt_put_rdy_first                         0x080031f9   Thumb Code    14  rt_list.o(i.rt_put_rdy_first)
    rt_ret_val                               0x0800321d   Thumb Code    12  hal_cm.o(i.rt_ret_val)
    rt_ret_val2                              0x08003229   Thumb Code    16  hal_cm.o(i.rt_ret_val2)
    rt_rmv_dly                               0x08003239   Thumb Code    40  rt_list.o(i.rt_rmv_dly)
    rt_rmv_list                              0x08003261   Thumb Code    44  rt_list.o(i.rt_rmv_list)
    rt_sem_psh                               0x08003291   Thumb Code    48  rt_semaphore.o(i.rt_sem_psh)
    rt_stk_check                             0x080032c5   Thumb Code    28  rt_system.o(i.rt_stk_check)
    rt_switch_req                            0x080032e9   Thumb Code    30  rt_task.o(i.rt_switch_req)
    rt_sys_init                              0x08003311   Thumb Code   242  rt_task.o(i.rt_sys_init)
    rt_systick                               0x08003451   Thumb Code    48  rt_system.o(i.rt_systick)
    rt_tsk_create                            0x080034dd   Thumb Code   112  rt_task.o(i.rt_tsk_create)
    rt_tsk_delete                            0x0800355d   Thumb Code   146  rt_task.o(i.rt_tsk_delete)
    rt_tsk_self                              0x08003609   Thumb Code    12  rt_task.o(i.rt_tsk_self)
    svcKernelStart                           0x08003619   Thumb Code   174  rt_cmsis.o(i.svcKernelStart)
    svcMessageCreate                         0x080036ed   Thumb Code    36  rt_cmsis.o(i.svcMessageCreate)
    svcMessageGet                            0x08003711   Thumb Code    58  rt_cmsis.o(i.svcMessageGet)
    svcThreadCreate                          0x0800374d   Thumb Code   100  rt_cmsis.o(i.svcThreadCreate)
    svcThreadGetId                           0x080037bd   Thumb Code    22  rt_cmsis.o(i.svcThreadGetId)
    svcThreadTerminate                       0x080037d9   Thumb Code    52  rt_cmsis.o(i.svcThreadTerminate)
    svcTimerCall                             0x08003811   Thumb Code    24  rt_cmsis.o(i.svcTimerCall)
    sysTimerTick                             0x08003829   Thumb Code    76  rt_cmsis.o(i.sysTimerTick)
    os_maxtaskrun                            0x0800387c   Data           2  rtx_conf_cm.o(.constdata)
    os_stackinfo                             0x08003880   Data           4  rtx_conf_cm.o(.constdata)
    os_rrobin                                0x08003884   Data           4  rtx_conf_cm.o(.constdata)
    os_trv                                   0x08003888   Data           4  rtx_conf_cm.o(.constdata)
    os_flags                                 0x0800388c   Data           1  rtx_conf_cm.o(.constdata)
    os_clockrate                             0x08003890   Data           4  rtx_conf_cm.o(.constdata)
    os_timernum                              0x08003894   Data           4  rtx_conf_cm.o(.constdata)
    mp_tcb_size                              0x08003898   Data           2  rtx_conf_cm.o(.constdata)
    mp_stk_size                              0x0800389c   Data           4  rtx_conf_cm.o(.constdata)
    os_stack_sz                              0x080038a0   Data           4  rtx_conf_cm.o(.constdata)
    os_fifo_size                             0x080038a4   Data           1  rtx_conf_cm.o(.constdata)
    os_thread_def_osTimerThread              0x080038a8   Data          16  rtx_conf_cm.o(.constdata)
    os_messageQ_def_osTimerMessageQ          0x080038b8   Data           8  rtx_conf_cm.o(.constdata)
    mp_tmr_size                              0x080038c0   Data           2  rtx_conf_cm.o(.constdata)
    os_thread_def_main                       0x080038c4   Data          16  rtx_conf_cm.o(.constdata)
    Region$$Table$$Base                      0x080038d4   Number         0  anon$$obj.o(Region$$Table)
    Region$$Table$$Limit                     0x08003904   Number         0  anon$$obj.o(Region$$Table)
    mp_tcb                                   0x10000000   Data         348  rtx_conf_cm.o(.bss)
    mp_stk                                   0x10000160   Data        1216  rtx_conf_cm.o(.bss)
    os_stack_mem                             0x10000620   Data         432  rtx_conf_cm.o(.bss)
    os_fifo                                  0x100007d0   Data         132  rtx_conf_cm.o(.bss)
    os_active_TCB                            0x10000854   Data          28  rtx_conf_cm.o(.bss)
    os_messageQ_q_osTimerMessageQ            0x10000870   Data          32  rtx_conf_cm.o(.bss)
    SystemCoreClock                          0x20000000   Data           4  system_stm32f4xx.o(.data)
    AHBPrescTable                            0x20000004   Data          16  system_stm32f4xx.o(.data)
    os_tmr                                   0x20000014   Data           4  rtx_conf_cm.o(.data)
    m_tmr                                    0x20000018   Data           4  rtx_conf_cm.o(.data)
    osThreadId_osTimerThread                 0x2000001c   Data           4  rtx_conf_cm.o(.data)
    osMessageQId_osTimerMessageQ             0x20000020   Data           4  rtx_conf_cm.o(.data)
    AudioTotalSize                           0x20000034   Data           4  stm32f4_discovery_audio_codec.o(.data)
    AudioRemSize                             0x20000038   Data           4  stm32f4_discovery_audio_codec.o(.data)
    CODECTimeout                             0x2000003c   Data           4  stm32f4_discovery_audio_codec.o(.data)
    OutputDev                                0x20000040   Data           1  stm32f4_discovery_audio_codec.o(.data)
    CurrAudioInterface                       0x20000044   Data           4  stm32f4_discovery_audio_codec.o(.data)
    AUDIO_MAL_DMA_CLOCK                      0x20000048   Data           4  stm32f4_discovery_audio_codec.o(.data)
    AUDIO_MAL_DMA_STREAM                     0x2000004c   Data           4  stm32f4_discovery_audio_codec.o(.data)
    AUDIO_MAL_DMA_DREG                       0x20000050   Data           4  stm32f4_discovery_audio_codec.o(.data)
    AUDIO_MAL_DMA_CHANNEL                    0x20000054   Data           4  stm32f4_discovery_audio_codec.o(.data)
    AUDIO_MAL_DMA_IRQ                        0x20000058   Data           4  stm32f4_discovery_audio_codec.o(.data)
    AUDIO_MAL_DMA_FLAG_TC                    0x2000005c   Data           4  stm32f4_discovery_audio_codec.o(.data)
    AUDIO_MAL_DMA_FLAG_HT                    0x20000060   Data           4  stm32f4_discovery_audio_codec.o(.data)
    AUDIO_MAL_DMA_FLAG_FE                    0x20000064   Data           4  stm32f4_discovery_audio_codec.o(.data)
    AUDIO_MAL_DMA_FLAG_TE                    0x20000068   Data           4  stm32f4_discovery_audio_codec.o(.data)
    AUDIO_MAL_DMA_FLAG_DME                   0x2000006c   Data           4  stm32f4_discovery_audio_codec.o(.data)
    CurrentPos                               0x20000070   Data           4  stm32f4_discovery_audio_codec.o(.data)
    os_timer_head                            0x20000074   Data           4  rt_cmsis.o(.data)
    os_tsk                                   0x20000078   Data           8  rt_task.o(.data)
    os_time                                  0x20000084   Data           2  rt_time.o(.data)
    dbg_msg                                  0x20000086   Data           1  hal_cm.o(.data)
    os_robin                                 0x20000088   Data           8  rt_robin.o(.data)
    DMA_InitStructure                        0x20000090   Data          60  stm32f4_discovery_audio_codec.o(.bss)
    AUDIO_MAL_DMA_InitStructure              0x200000cc   Data          60  stm32f4_discovery_audio_codec.o(.bss)
    os_idle_TCB                              0x20000108   Data          48  rt_task.o(.bss)
    os_rdy                                   0x20000138   Data          24  rt_list.o(.bss)
    os_dly                                   0x20000150   Data          24  rt_list.o(.bss)
    __initial_sp                             0x20000568   Data           0  startup_stm32f4xx.o(STACK)



==============================================================================

Memory Map of the image

  Image Entry point : 0x08000189

  Load Region LR_IROM1 (Base: 0x08000000, Size: 0x00003994, Max: 0x00100000, ABSOLUTE)

    Execution Region ER_IROM1 (Base: 0x08000000, Size: 0x00003904, Max: 0x00100000, ABSOLUTE)

    Base Addr    Size         Type   Attr      Idx    E Section Name        Object

    0x08000000   0x00000188   Data   RO          132    RESET               startup_stm32f4xx.o
    0x08000188   0x00000000   Code   RO         2085  * .ARM.Collect$$$$00000000  mc_w.l(entry.o)
    0x08000188   0x00000004   Code   RO         2088    .ARM.Collect$$$$00000001  mc_w.l(entry2.o)
    0x0800018c   0x00000004   Code   RO         2091    .ARM.Collect$$$$00000004  mc_w.l(entry5.o)
    0x08000190   0x00000000   Code   RO         2093    .ARM.Collect$$$$00000008  mc_w.l(entry7b.o)
    0x08000190   0x00000010   Code   RO          137    .ARM.Collect$$$$000000FF  rtx_conf_cm.o
    0x080001a0   0x00000004   Code   RO         2089    .ARM.Collect$$$$00002712  mc_w.l(entry2.o)
    0x080001a4   0x00000174   Code   RO         2072    .emb_text           RTX_CM4.lib(hal_cm4.o)
    0x08000318   0x00000230   Code   RO            3    .text               system_stm32f4xx.o
    0x08000548   0x00000024   Code   RO          133    .text               startup_stm32f4xx.o
    0x0800056c   0x00000008   Code   RO          138    .text               rtx_conf_cm.o
    0x08000574   0x00000016   Code   RO          171    .text               stm32f4xx_it.o
    0x0800058a   0x00000004   Code   RO          199    .text               main.o
    0x0800058e   0x00000002   PAD
    0x08000590   0x000000e4   Code   RO          210    .text               misc.o
    0x08000674   0x000001f0   Code   RO          460    .text               stm32f4xx_dac.o
    0x08000864   0x000003b0   Code   RO          526    .text               stm32f4xx_dma.o
    0x08000c14   0x0000024c   Code   RO          618    .text               stm32f4xx_gpio.o
    0x08000e60   0x0000041c   Code   RO          704    .text               stm32f4xx_i2c.o
    0x0800127c   0x00000578   Code   RO          767    .text               stm32f4xx_rcc.o
    0x080017f4   0x00000400   Code   RO          858    .text               stm32f4xx_spi.o
    0x08001bf4   0x00000ce4   Code   RO          991    .text               stm32f4_discovery_audio_codec.o
    0x080028d8   0x00000024   Code   RO         2094    .text               mc_w.l(init.o)
    0x080028fc   0x00000004   Code   RO         2082    SVC_TABLE           RTX_CM4.lib(SVC_Table.o)
    0x08002900   0x0000000e   Code   RO         2098    i.__scatterload_copy  mc_w.l(handlers.o)
    0x0800290e   0x00000002   Code   RO         2099    i.__scatterload_null  mc_w.l(handlers.o)
    0x08002910   0x0000000e   Code   RO         2100    i.__scatterload_zeroinit  mc_w.l(handlers.o)
    0x0800291e   0x00000046   Code   RO         1945    i._init_box         RTX_CM4.lib(rt_membox.o)
    0x08002964   0x00000030   Code   RO         1998    i.dbg_init          RTX_CM4.lib(hal_cm.o)
    0x08002994   0x00000020   Code   RO         1999    i.dbg_task_notify   RTX_CM4.lib(hal_cm.o)
    0x080029b4   0x00000010   Code   RO         2000    i.dbg_task_switch   RTX_CM4.lib(hal_cm.o)
    0x080029c4   0x0000002c   Code   RO         1044    i.isrMessagePut     RTX_CM4.lib(rt_cmsis.o)
    0x080029f0   0x00000050   Code   RO         1809    i.isr_mbx_receive   RTX_CM4.lib(rt_mailbox.o)
    0x08002a40   0x0000000e   Code   RO         1810    i.isr_mbx_send      RTX_CM4.lib(rt_mailbox.o)
    0x08002a4e   0x00000002   PAD
    0x08002a50   0x00000068   Code   RO         1047    i.osKernelStart     RTX_CM4.lib(rt_cmsis.o)
    0x08002ab8   0x00000044   Code   RO         1055    i.osMessageGet      RTX_CM4.lib(rt_cmsis.o)
    0x08002afc   0x00000018   Code   RO         1072    i.osThreadExit      RTX_CM4.lib(rt_cmsis.o)
    0x08002b14   0x0000000c   Code   RO         1078    i.osTimerCall       RTX_CM4.lib(rt_cmsis.o)
    0x08002b20   0x0000002c   Code   RO         1082    i.osTimerThread     RTX_CM4.lib(rt_cmsis.o)
    0x08002b4c   0x0000001c   Code   RO         1946    i.rt_alloc_box      RTX_CM4.lib(rt_membox.o)
    0x08002b68   0x0000003c   Code   RO         1974    i.rt_alloc_mem      RTX_CM4.lib(rt_memory.o)
    0x08002ba4   0x00000038   Code   RO         1566    i.rt_block          RTX_CM4.lib(rt_task.o)
    0x08002bdc   0x00000048   Code   RO         2051    i.rt_chk_robin      RTX_CM4.lib(rt_robin.o)
    0x08002c24   0x00000070   Code   RO         1733    i.rt_dec_dly        RTX_CM4.lib(rt_list.o)
    0x08002c94   0x00000044   Code   RO         1567    i.rt_dispatch       RTX_CM4.lib(rt_task.o)
    0x08002cd8   0x00000050   Code   RO         1694    i.rt_evt_psh        RTX_CM4.lib(rt_event.o)
    0x08002d28   0x00000020   Code   RO         1947    i.rt_free_box       RTX_CM4.lib(rt_membox.o)
    0x08002d48   0x00000028   Code   RO         1975    i.rt_free_mem       RTX_CM4.lib(rt_memory.o)
    0x08002d70   0x00000028   Code   RO         1734    i.rt_get_first      RTX_CM4.lib(rt_list.o)
    0x08002d98   0x00000008   Code   RO         1085    i.rt_id2obj         RTX_CM4.lib(rt_cmsis.o)
    0x08002da0   0x00000040   Code   RO         1568    i.rt_init_context   RTX_CM4.lib(rt_task.o)
    0x08002de0   0x0000001a   Code   RO         1976    i.rt_init_mem       RTX_CM4.lib(rt_memory.o)
    0x08002dfa   0x00000002   PAD
    0x08002dfc   0x00000018   Code   RO         2052    i.rt_init_robin     RTX_CM4.lib(rt_robin.o)
    0x08002e14   0x00000050   Code   RO         2001    i.rt_init_stack     RTX_CM4.lib(hal_cm.o)
    0x08002e64   0x00000008   Code   RO         1811    i.rt_mbx_check      RTX_CM4.lib(rt_mailbox.o)
    0x08002e6c   0x0000001a   Code   RO         1812    i.rt_mbx_init       RTX_CM4.lib(rt_mailbox.o)
    0x08002e86   0x00000002   PAD
    0x08002e88   0x000000fc   Code   RO         1813    i.rt_mbx_psh        RTX_CM4.lib(rt_mailbox.o)
    0x08002f84   0x000000b4   Code   RO         1815    i.rt_mbx_wait       RTX_CM4.lib(rt_mailbox.o)
    0x08003038   0x0000003c   Code   RO         1086    i.rt_ms2tick        RTX_CM4.lib(rt_cmsis.o)
    0x08003074   0x00000078   Code   RO         1645    i.rt_pop_req        RTX_CM4.lib(rt_system.o)
    0x080030ec   0x00000020   Code   RO         1646    i.rt_psh_req        RTX_CM4.lib(rt_system.o)
    0x0800310c   0x00000058   Code   RO         1736    i.rt_psq_enq        RTX_CM4.lib(rt_list.o)
    0x08003164   0x0000005c   Code   RO         1737    i.rt_put_dly        RTX_CM4.lib(rt_list.o)
    0x080031c0   0x00000038   Code   RO         1738    i.rt_put_prio       RTX_CM4.lib(rt_list.o)
    0x080031f8   0x00000014   Code   RO         1739    i.rt_put_rdy_first  RTX_CM4.lib(rt_list.o)
    0x0800320c   0x00000010   Code   RO         2002    i.rt_ret_regs       RTX_CM4.lib(hal_cm.o)
    0x0800321c   0x0000000c   Code   RO         2003    i.rt_ret_val        RTX_CM4.lib(hal_cm.o)
    0x08003228   0x00000010   Code   RO         2004    i.rt_ret_val2       RTX_CM4.lib(hal_cm.o)
    0x08003238   0x00000028   Code   RO         1741    i.rt_rmv_dly        RTX_CM4.lib(rt_list.o)
    0x08003260   0x00000030   Code   RO         1742    i.rt_rmv_list       RTX_CM4.lib(rt_list.o)
    0x08003290   0x00000034   Code   RO         1859    i.rt_sem_psh        RTX_CM4.lib(rt_semaphore.o)
    0x080032c4   0x00000024   Code   RO         1647    i.rt_stk_check      RTX_CM4.lib(rt_system.o)
    0x080032e8   0x00000028   Code   RO         1569    i.rt_switch_req     RTX_CM4.lib(rt_task.o)
    0x08003310   0x00000140   Code   RO         1570    i.rt_sys_init       RTX_CM4.lib(rt_task.o)
    0x08003450   0x0000003c   Code   RO         1648    i.rt_systick        RTX_CM4.lib(rt_system.o)
    0x0800348c   0x00000012   Code   RO         1087    i.rt_tid2ptcb       RTX_CM4.lib(rt_cmsis.o)
    0x0800349e   0x00000002   PAD
    0x080034a0   0x0000003c   Code   RO         1088    i.rt_timer_insert   RTX_CM4.lib(rt_cmsis.o)
    0x080034dc   0x00000080   Code   RO         1571    i.rt_tsk_create     RTX_CM4.lib(rt_task.o)
    0x0800355c   0x000000ac   Code   RO         1572    i.rt_tsk_delete     RTX_CM4.lib(rt_task.o)
    0x08003608   0x00000010   Code   RO         1575    i.rt_tsk_self       RTX_CM4.lib(rt_task.o)
    0x08003618   0x000000d4   Code   RO         1091    i.svcKernelStart    RTX_CM4.lib(rt_cmsis.o)
    0x080036ec   0x00000024   Code   RO         1093    i.svcMessageCreate  RTX_CM4.lib(rt_cmsis.o)
    0x08003710   0x0000003a   Code   RO         1094    i.svcMessageGet     RTX_CM4.lib(rt_cmsis.o)
    0x0800374a   0x00000002   PAD
    0x0800374c   0x00000070   Code   RO         1107    i.svcThreadCreate   RTX_CM4.lib(rt_cmsis.o)
    0x080037bc   0x0000001c   Code   RO         1108    i.svcThreadGetId    RTX_CM4.lib(rt_cmsis.o)
    0x080037d8   0x00000038   Code   RO         1111    i.svcThreadTerminate  RTX_CM4.lib(rt_cmsis.o)
    0x08003810   0x00000018   Code   RO         1113    i.svcTimerCall      RTX_CM4.lib(rt_cmsis.o)
    0x08003828   0x00000054   Code   RO         1121    i.sysTimerTick      RTX_CM4.lib(rt_cmsis.o)
    0x0800387c   0x00000058   Data   RO          140    .constdata          rtx_conf_cm.o
    0x080038d4   0x00000030   Data   RO         2096    Region$$Table       anon$$obj.o


    Execution Region RW_IRAM1 (Base: 0x10000000, Size: 0x00000890, Max: 0x0001ffff, ABSOLUTE)

    Base Addr    Size         Type   Attr      Idx    E Section Name        Object

    0x10000000   0x00000890   Zero   RW          139    .bss                rtx_conf_cm.o


    Execution Region RW_IRAM2 (Base: 0x20000000, Size: 0x00000568, Max: 0x0001ffff, ABSOLUTE)

    Base Addr    Size         Type   Attr      Idx    E Section Name        Object

    0x20000000   0x00000014   Data   RW            4    .data               system_stm32f4xx.o
    0x20000014   0x00000010   Data   RW          141    .data               rtx_conf_cm.o
    0x20000024   0x00000010   Data   RW          768    .data               stm32f4xx_rcc.o
    0x20000034   0x00000040   Data   RW          993    .data               stm32f4_discovery_audio_codec.o
    0x20000074   0x00000004   Data   RW         1122    .data               RTX_CM4.lib(rt_cmsis.o)
    0x20000078   0x00000008   Data   RW         1577    .data               RTX_CM4.lib(rt_task.o)
    0x20000080   0x00000003   Data   RW         1651    .data               RTX_CM4.lib(rt_system.o)
    0x20000083   0x00000001   PAD
    0x20000084   0x00000002   Data   RW         1896    .data               RTX_CM4.lib(rt_time.o)
    0x20000086   0x00000001   Data   RW         2005    .data               RTX_CM4.lib(hal_cm.o)
    0x20000087   0x00000001   PAD
    0x20000088   0x00000008   Data   RW         2053    .data               RTX_CM4.lib(rt_robin.o)
    0x20000090   0x00000078   Zero   RW          992    .bss                stm32f4_discovery_audio_codec.o
    0x20000108   0x00000030   Zero   RW         1576    .bss                RTX_CM4.lib(rt_task.o)
    0x20000138   0x00000030   Zero   RW         1743    .bss                RTX_CM4.lib(rt_list.o)
    0x20000168   0x00000400   Zero   RW          130    STACK               startup_stm32f4xx.o


==============================================================================

Image component sizes


      Code (inc. data)   RO Data    RW Data    ZI Data      Debug   Object Name

         4          0          0          0          0        407   main.o
       228         22          0          0          0      16417   misc.o
        24          6         88         16       2192       6384   rtx_conf_cm.o
        36          8        392          0       1024        760   startup_stm32f4xx.o
      3300        226          0         64        120      10800   stm32f4_discovery_audio_codec.o
       496          6          0          0          0       9793   stm32f4xx_dac.o
       944         32          0          0          0      19045   stm32f4xx_dma.o
       588         36          0          0          0      10501   stm32f4xx_gpio.o
      1052         26          0          0          0      16287   stm32f4xx_i2c.o
        22          0          0          0          0       1028   stm32f4xx_it.o
      1400         46          0         16          0      23947   stm32f4xx_rcc.o
      1024         20          0          0          0      14997   stm32f4xx_spi.o
       560         48          0         20          0     254675   system_stm32f4xx.o

    ----------------------------------------------------------------------
      9680        476        528        116       3336     385041   Object Totals
         0          0         48          0          0          0   (incl. Generated)
         2          0          0          0          0          0   (incl. Padding)

    ----------------------------------------------------------------------

      Code (inc. data)   RO Data    RW Data    ZI Data      Debug   Library Member Name

         4          4          0          0          0        132   SVC_Table.o
       220         24          0          1          0       3876   hal_cm.o
       372         32          0          0          0        616   hal_cm4.o
      1052        116          0          4          0      25373   rt_cmsis.o
        80          4          0          0          0        637   rt_event.o
       496         30          0          0         48       6636   rt_list.o
       560         10          0          0          0       3829   rt_mailbox.o
       130          0          0          0          0       1837   rt_membox.o
       126          0          0          0          0       2159   rt_memory.o
        96         24          0          8          0       1042   rt_robin.o
        52          4          0          0          0        557   rt_semaphore.o
       248         44          0          3          0       2066   rt_system.o
       864        154          0          8         48       7224   rt_task.o
         0          0          0          2          0        150   rt_time.o
         0          0          0          0          0          0   entry.o
         8          4          0          0          0          0   entry2.o
         4          0          0          0          0          0   entry5.o
         0          0          0          0          0          0   entry7b.o
        30          0          0          0          0          0   handlers.o
        36          8          0          0          0         68   init.o

    ----------------------------------------------------------------------
      4388        458          0         28         96      56202   Library Totals
        10          0          0          2          0          0   (incl. Padding)

    ----------------------------------------------------------------------

      Code (inc. data)   RO Data    RW Data    ZI Data      Debug   Library Name

      4300        446          0         26         96      56134   RTX_CM4.lib
        78         12          0          0          0         68   mc_w.l

    ----------------------------------------------------------------------
      4388        458          0         28         96      56202   Library Totals

    ----------------------------------------------------------------------

==============================================================================


      Code (inc. data)   RO Data    RW Data    ZI Data      Debug   

     14068        934        528        144       3432     432343   Grand Totals
     14068        934        528        144       3432     432343   ELF Image Totals
     14068        934        528        144          0          0   ROM Totals

==============================================================================

    Total RO  Size (Code + RO Data)                14596 (  14.25kB)
    Total RW  Size (RW Data + ZI Data)              3576 (   3.49kB)
    Total ROM Size (Code + RO Data + RW Data)      14740 (  14.39kB)

==============================================================================

