<html>
<body>
<pre>
<h1>µVision Build Log</h1>
<h2>Project:</h2>
C:\Users\wliu\Documents\GitHub\ECSE426-Project-Theremin\rtx_project\keil\rtx.uvproj
Project File Date:  11/23/2012

<h2>Output:</h2>
Build target 'Project'
compiling main.c...
..\user\src\main.c(80): warning:  #177-D: variable "GPIO_InitStructure" was declared but never referenced
linking...
Program Size: Code=17728 RO-data=600 RW-data=144 ZI-data=3448  
FromELF: creating hex file...
".\obj\output.axf" - 0 Error(s), 1 Warning(s).
Load "C:\\Users\\wliu\\Documents\\GitHub\\ECSE426-Project-Theremin\\rtx_project\\keil\\obj\\output.AXF" 
Load "C:\\Users\\wliu\\Documents\\GitHub\\ECSE426-Project-Theremin\\rtx_project\\keil\\obj\\output.AXF" 
Erase Done.
Programming Done.
Verify OK.
