<html>
<body>
<pre>
<h1>µVision Build Log</h1>
<h2>Project:</h2>
C:\Users\wliu\Documents\GitHub\ECSE426-Project-Theremin\rtx_project\keil\rtx.uvproj
Project File Date:  11/23/2012

<h2>Output:</h2>
Rebuild target 'Project'
compiling system_stm32f4xx.c...
assembling startup_stm32f4xx.s...
compiling RTX_Conf_CM.c...
compiling stm32f4xx_it.c...
compiling main.c...
..\user\src\main.c(78): warning:  #111-D: statement is unreachable
compiling misc.c...
compiling stm32f4xx_adc.c...
compiling stm32f4xx_can.c...
compiling stm32f4xx_crc.c...
compiling stm32f4xx_cryp.c...
compiling stm32f4xx_cryp_aes.c...
compiling stm32f4xx_cryp_des.c...
compiling stm32f4xx_cryp_tdes.c...
compiling stm32f4xx_dac.c...
compiling stm32f4xx_dbgmcu.c...
compiling stm32f4xx_dcmi.c...
compiling stm32f4xx_dma.c...
compiling stm32f4xx_exti.c...
compiling stm32f4xx_flash.c...
compiling stm32f4xx_fsmc.c...
compiling stm32f4xx_gpio.c...
compiling stm32f4xx_hash.c...
compiling stm32f4xx_hash_md5.c...
compiling stm32f4xx_hash_sha1.c...
compiling stm32f4xx_i2c.c...
compiling stm32f4xx_iwdg.c...
compiling stm32f4xx_pwr.c...
compiling stm32f4xx_rcc.c...
compiling stm32f4xx_rng.c...
compiling stm32f4xx_rtc.c...
compiling stm32f4xx_sdio.c...
compiling stm32f4xx_spi.c...
compiling stm32f4xx_syscfg.c...
compiling stm32f4xx_tim.c...
compiling stm32f4xx_usart.c...
compiling stm32f4xx_wwdg.c...
compiling stm32f4_discovery.c...
compiling stm32f4_discovery_audio_codec.c...
compiling stm32f4_discovery_lis302dl.c...
linking...
Program Size: Code=13944 RO-data=592 RW-data=144 ZI-data=3432  
FromELF: creating hex file...
".\obj\output.axf" - 0 Error(s), 1 Warning(s).
Load "C:\\Users\\wliu\\Documents\\GitHub\\ECSE426-Project-Theremin\\rtx_project\\keil\\obj\\output.AXF" 
Erase Done.
Programming Done.
Verify OK.
